******************************************************************************
            TI ARM Clang Linker PC v4.0.4                      
******************************************************************************
>> Linked Wed Jun 17 22:38:43 2026

OUTPUT FILE NAME:   <diansai_LP_MSPM0G3507_nortos_ticlang.out>
ENTRY POINT SYMBOL: "_c_int00_noargs"  address: 00006bd5


MEMORY CONFIGURATION

         name            origin    length      used     unused   attr    fill
----------------------  --------  ---------  --------  --------  ----  --------
  FLASH                 00000000   00020000  000089c8  00017638  R  X
  SRAM                  20200000   00008000  00000960  000076a0  RW X
  BCR_CONFIG            41c00000   000000ff  00000000  000000ff  R   
  BSL_CONFIG            41c00100   00000080  00000000  00000080  R   


SEGMENT ALLOCATION MAP

run origin  load origin   length   init length attrs members
----------  ----------- ---------- ----------- ----- -------
00000000    00000000    000089c8   000089c8    r-x
  00000000    00000000    000000c0   000000c0    r-- .intvecs
  000000c0    000000c0    00006de0   00006de0    r-x .text
  00006ea0    00006ea0    00001ae0   00001ae0    r-- .rodata
  00008980    00008980    00000048   00000048    r-- .cinit
20200000    20200000    00000760   00000000    rw-
  20200000    20200000    000006e8   00000000    rw- .bss
  202006e8    202006e8    00000078   00000000    rw- .data
20207e00    20207e00    00000200   00000000    rw-
  20207e00    20207e00    00000200   00000000    rw- .stack


SECTION ALLOCATION MAP

 output                                  attributes/
section   page    origin      length       input sections
--------  ----  ----------  ----------   ----------------
.intvecs   0    00000000    000000c0     
                  00000000    000000c0     startup_mspm0g350x_ticlang.o (.intvecs)

.text      0    000000c0    00006de0     
                  000000c0    000015f4     oled.o (.text.OLED_Init)
                  000016b4    00000bdc     libc.a : _scanfi.c.obj (.text.__TI_scanfi)
                  00002290    00000a90     oled.o (.text.OLED_Clear)
                  00002d20    00000490     oled.o (.text.OLED_ShowNum)
                  000031b0    00000484     empty.o (.text.main)
                  00003634    000003b8     libc.a : strtod.c.obj (.text.strtod)
                  000039ec    00000378     gray_sensor.o (.text.Gray_Task_Loop)
                  00003d64    00000328     button.o (.text.Button_UpdateDisplay)
                  0000408c    0000026c     track.o (.text.Track_Update)
                  000042f8    00000260     oled.o (.text.OLED_ShowString)
                  00004558    00000250     oled.o (.text.OLED_Refresh)
                  000047a8    000001f0     button.o (.text.Button_Task)
                  00004998    000001e0     libc.a : strtoll.c.obj (.text.strtoll)
                  00004b78    000001b0     motor.o (.text.TIMA1_IRQHandler)
                  00004d28    00000192     libclang_rt.builtins.a : adddf3.S.obj (.text.adddf3_subdf3)
                  00004eba    00000002     startup_mspm0g350x_ticlang.o (.text.Default_Handler)
                  00004ebc    0000016c     libc.a : strtoull.c.obj (.text.strtoull)
                  00005028    00000144            : strtol.c.obj (.text.strtol)
                  0000516c    0000012c            : strtoul.c.obj (.text.strtoul)
                  00005298    00000128     gray_sensor.o (.text.Gray_Calc_Track_Error)
                  000053c0    00000120     ti_msp_dl_config.o (.text.SYSCFG_DL_GPIO_init)
                  000054e0    0000010c     libclang_rt.builtins.a : divdf3.S.obj (.text.__divdf3)
                  000055ec    00000104     driverlib.a : dl_timer.o (.text.DL_Timer_initFourCCPWMMode)
                  000056f0    000000fc                 : dl_timer.o (.text.DL_Timer_initTimerMode)
                  000057ec    000000e8     button.o (.text.Button_OnCorner)
                  000058d4    000000e4     libclang_rt.builtins.a : muldf3.S.obj (.text.__muldf3)
                  000059b8    000000d8     libc.a : s_scalbn.c.obj (.text.scalbn)
                  00005a90    000000d8     libclang_rt.builtins.a : addsf3.S.obj (.text)
                  00005b68    000000bc     servo.o (.text.Servo_SetBoth)
                  00005c24    000000a2     libclang_rt.builtins.a : udivmoddi4.S.obj (.text)
                  00005cc6    0000009a     libc.a : memcpy16.S.obj (.text:memcpy)
                  00005d60    00000098     uart.o (.text.UART0_IRQHandler)
                  00005df8    00000094     ti_msp_dl_config.o (.text.SYSCFG_DL_PWM_0_init)
                  00005e8c    0000008c     ti_msp_dl_config.o (.text.SYSCFG_DL_PWMA_init)
                  00005f18    0000008c     ti_msp_dl_config.o (.text.SYSCFG_DL_UART_0_init)
                  00005fa4    0000008c     libclang_rt.builtins.a : mulsf3.S.obj (.text.__mulsf3)
                  00006030    00000082                            : divsf3.S.obj (.text.__divsf3)
                  000060b2    00000002                            : aeabi_div0.c.obj (.text.__aeabi_idiv0)
                  000060b4    00000080     motor.o (.text.motor_set_direction)
                  00006134    0000007c     servo.o (.text.Servo_SetAngle)
                  000061b0    0000007c     libc.a : copy_decompress_lzss.c.obj (.text:decompress:lzss)
                  0000622c    00000074     libclang_rt.builtins.a : comparedf2.c.obj (.text.__gedf2)
                  000062a0    00000074                            : truncdfsf2.S.obj (.text.__truncdfsf2)
                  00006314    00000074     libc.a : sscanf.c.obj (.text._chkmbc)
                  00006388    00000070     ti_msp_dl_config.o (.text.SYSCFG_DL_initPower)
                  000063f8    00000068     libclang_rt.builtins.a : comparedf2.c.obj (.text.__ledf2)
                  00006460    00000068     motor.o (.text.motor_init)
                  000064c8    00000062     libclang_rt.builtins.a : aeabi_dcmp.S.obj (.text.__aeabi_dcmp)
                  0000652a    00000002                            : aeabi_div0.c.obj (.text.__aeabi_ldiv0)
                  0000652c    00000062                            : aeabi_fcmp.S.obj (.text.__aeabi_fcmp)
                  0000658e    00000062     libc.a : memset16.S.obj (.text:memset)
                  000065f0    0000005e     driverlib.a : dl_i2c.o (.text.DL_I2C_fillControllerTXFIFO)
                  0000664e    00000002     --HOLE-- [fill = 0]
                  00006650    00000054     ti_msp_dl_config.o (.text.SYSCFG_DL_OLED_init)
                  000066a4    0000004c     ti_msp_dl_config.o (.text.SYSCFG_DL_init)
                  000066f0    00000048     driverlib.a : dl_uart.o (.text.DL_UART_init)
                  00006738    00000040     ti_msp_dl_config.o (.text.SYSCFG_DL_SYSCTL_init)
                  00006778    00000040     track.o (.text.Track_SyncAngleX)
                  000067b8    00000040     libclang_rt.builtins.a : aeabi_uidivmod.S.obj (.text.__aeabi_uidivmod)
                  000067f8    00000040                            : extendsfdf2.S.obj (.text.__extendsfdf2)
                  00006838    00000040     libc.a : atoi.c.obj (.text.atoi)
                  00006878    0000003c     ti_msp_dl_config.o (.text.SYSCFG_DL_MOTOR_PID_init)
                  000068b4    0000003c     ti_msp_dl_config.o (.text.SYSCFG_DL_interrupt_init)
                  000068f0    0000003c     libclang_rt.builtins.a : floatsisf.S.obj (.text.__floatsisf)
                  0000692c    0000003c                            : comparesf2.S.obj (.text.__gtsf2)
                  00006968    0000003c     libc.a : autoinit.c.obj (.text:__TI_auto_init_nobinit_nopinit)
                  000069a4    0000003a     libclang_rt.builtins.a : comparesf2.S.obj (.text.__eqsf2)
                  000069de    00000002     --HOLE-- [fill = 0]
                  000069e0    0000003a                            : muldsi3.S.obj (.text.__muldsi3)
                  00006a1a    00000002     --HOLE-- [fill = 0]
                  00006a1c    00000038     interrupt.o (.text.GROUP1_IRQHandler)
                  00006a54    00000038     libclang_rt.builtins.a : fixsfsi.S.obj (.text.__fixsfsi)
                  00006a8c    00000034     servo.o (.text.Servo_Init)
                  00006ac0    00000034     motor.o (.text.motor_reset_pid)
                  00006af4    00000030     ti_msp_dl_config.o (.text.SYSCFG_DL_SYSTICK_init)
                  00006b24    00000030     track.o (.text.Track_Init)
                  00006b54    00000030     libc.a : sscanf.c.obj (.text.sscanf)
                  00006b84    00000028     libclang_rt.builtins.a : floatunsisf.S.obj (.text.__floatunsisf)
                  00006bac    00000028     motor.o (.text.motor_set_duty)
                  00006bd4    00000028     libc.a : boot_cortex_m.c.obj (.text:_c_int00_noargs)
                  00006bfc    00000026     driverlib.a : dl_i2c.o (.text.DL_I2C_setClockConfig)
                  00006c22    00000002     --HOLE-- [fill = 0]
                  00006c24    00000024     libclang_rt.builtins.a : muldi3.S.obj (.text.__muldi3)
                  00006c48    00000024     gray_sensor.o (.text.gray_sensor_init)
                  00006c6c    0000001e     libclang_rt.builtins.a : ashldi3.S.obj (.text.__ashldi3)
                  00006c8a    00000002     --HOLE-- [fill = 0]
                  00006c8c    0000001c     button.o (.text.Button_Init)
                  00006ca8    0000001c     driverlib.a : dl_timer.o (.text.DL_Timer_setCaptCompUpdateMethod)
                  00006cc4    0000001c                 : dl_timer.o (.text.DL_Timer_setClockConfig)
                  00006ce0    0000001c     interrupt.o (.text.TIMA0_IRQHandler)
                  00006cfc    00000018     driverlib.a : dl_timer.o (.text.DL_Timer_setCaptureCompareOutCtl)
                  00006d14    00000014     uart.o (.text.UART_NextLine)
                  00006d28    00000014     libclang_rt.builtins.a : aeabi_uldivmod.S.obj (.text.__aeabi_uldivmod)
                  00006d3c    00000014     libc.a : sscanf.c.obj (.text._inpchar)
                  00006d50    00000012     driverlib.a : dl_uart.o (.text.DL_UART_setClockConfig)
                  00006d62    00000012     libc.a : copy_decompress_none.c.obj (.text:decompress:none)
                  00006d74    00000010     button.o (.text.Button_SetLapTarget)
                  00006d84    00000010     driverlib.a : dl_timer.o (.text.DL_Timer_setCaptureCompareValue)
                  00006d94    00000010     interrupt.o (.text.SysTick_Handler)
                  00006da4    00000010     uart.o (.text.UART_Init)
                  00006db4    00000010     libc.a : copy_zero_init.c.obj (.text:decompress:ZI)
                  00006dc4    0000000e            : _scanfi.c.obj (.text.OUTLINED_FUNCTION_1)
                  00006dd2    0000000e            : _scanfi.c.obj (.text.OUTLINED_FUNCTION_2)
                  00006de0    0000000e            : _scanfi.c.obj (.text.OUTLINED_FUNCTION_4)
                  00006dee    0000000e     delay.o (.text.delay_ms)
                  00006dfc    0000000c     button.o (.text.Button_GetMode)
                  00006e08    0000000c     button.o (.text.Button_GetState)
                  00006e14    0000000c     uart.o (.text.UART_LineReady)
                  00006e20    0000000c     libclang_rt.builtins.a : aeabi_memset.S.obj (.text.__aeabi_memclr)
                  00006e2c    0000000a     driverlib.a : dl_common.o (.text.DL_Common_delayCycles)
                  00006e36    00000008     button.o (.text.Button_OLED_Init)
                  00006e3e    00000008     libc.a : _scanfi.c.obj (.text.OUTLINED_FUNCTION_0)
                  00006e46    00000008            : strtod.c.obj (.text.OUTLINED_FUNCTION_0)
                  00006e4e    00000008            : strtod.c.obj (.text.OUTLINED_FUNCTION_1)
                  00006e56    00000002     --HOLE-- [fill = 0]
                  00006e58    00000010     libclang_rt.builtins.a : aeabi_dcmp.S.obj (.tramp.__aeabi_dcmpeq.1)
                  00006e68    00000008     uart.o (.text.UART_GetLine)
                  00006e70    00000008     libc.a : aeabi_portable.c.obj (.text.__aeabi_errno_addr)
                  00006e78    00000008     libclang_rt.builtins.a : aeabi_memcpy.S.obj (.text.__aeabi_memcpy)
                  00006e80    00000008     libc.a : sscanf.c.obj (.text._uninpchar)
                  00006e88    00000006            : _scanfi.c.obj (.text.OUTLINED_FUNCTION_3)
                  00006e8e    00000006            : exit.c.obj (.text:abort)
                  00006e94    00000004     libsysbm.a : hostexit.c.obj (.text.HOSTexit)
                  00006e98    00000004     startup_mspm0g350x_ticlang.o (.text.Reset_Handler)
                  00006e9c    00000004     libc.a : pre_init.c.obj (.text._system_pre_init)

.cinit     0    00008980    00000048     
                  00008980    0000001d     (.cinit..data.load) [load image, compression = lzss]
                  0000899d    00000003     --HOLE-- [fill = 0]
                  000089a0    0000000c     (__TI_handler_table)
                  000089ac    00000008     (.cinit..bss.load) [load image, compression = zero_init]
                  000089b4    00000010     (__TI_cinit_table)
                  000089c4    00000004     --HOLE-- [fill = 0]

.rodata    0    00006ea0    00001ae0     
                  00006ea0    00000d5c     oled.o (.rodata.asc2_2412)
                  00007bfc    000005f0     oled.o (.rodata.asc2_1608)
                  000081ec    00000474     oled.o (.rodata.asc2_1206)
                  00008660    00000101     libc.a : aeabi_ctype.S.obj (.rodata:__aeabi_ctype_table_)
                  00008761    00000007            : _scanfi.c.obj (.rodata._sproc_int.flit)
                  00008768    00000080            : strtod.c.obj (.rodata.digits)
                  000087e8    00000048            : strtod.c.obj (.rodata.powerof10)
                  00008830    00000014     ti_msp_dl_config.o (.rodata.gMOTOR_PIDTimerConfig)
                  00008844    00000014     ti_msp_dl_config.o (.rodata.ginterruptTimerConfig)
                  00008858    0000000f     button.o (.rodata.str1.14027004913061015941.1)
                  00008867    0000000e     button.o (.rodata.str1.14309419334731064472.1)
                  00008875    0000000e     button.o (.rodata.str1.4013337493721399785.1)
                  00008883    0000000e     empty.o (.rodata.str1.9517790425240694019.1)
                  00008891    0000000d     button.o (.rodata.str1.16862978624002868606.1)
                  0000889e    0000000d     button.o (.rodata.str1.5561535881391205844.1)
                  000088ab    0000000d     button.o (.rodata.str1.6070756845287141050.1)
                  000088b8    0000000c     button.o (.rodata.str1.11715978669946665361.1)
                  000088c4    0000000b     button.o (.rodata.str1.14176775939139932717.1)
                  000088cf    0000000b     button.o (.rodata.str1.16591463978401382879.1)
                  000088da    0000000b     button.o (.rodata.str1.1786273711422837320.1)
                  000088e5    0000000b     button.o (.rodata.str1.3026492218997783401.1)
                  000088f0    0000000b     button.o (.rodata.str1.9424861040593254206.1)
                  000088fb    00000001     --HOLE-- [fill = 0]
                  000088fc    0000000a     ti_msp_dl_config.o (.rodata.gUART_0Config)
                  00008906    0000000a     button.o (.rodata.str1.2547083922474475899.1)
                  00008910    00000009     button.o (.rodata.str1.1209565193492249672.1)
                  00008919    00000009     libc.a : _scanfi.c.obj (.rodata.str1.12964984209033246150.1)
                  00008922    00000002     ti_msp_dl_config.o (.rodata.gOLEDClockConfig)
                  00008924    00000008     libc.a : _scanfi.c.obj (.rodata..L__const._sproc_float.special)
                  0000892c    00000008     ti_msp_dl_config.o (.rodata.gPWMAConfig)
                  00008934    00000008     ti_msp_dl_config.o (.rodata.gPWM_0Config)
                  0000893c    00000008     button.o (.rodata.str1.8825352310067197786.1)
                  00008944    00000007     button.o (.rodata.str1.12321416233568060509.1)
                  0000894b    00000006     libc.a : _scanfi.c.obj (.rodata._sproc_int.barr)
                  00008951    00000006     button.o (.rodata.str1.8531657117378570333.1)
                  00008957    00000005     button.o (.rodata.str1.5110860105986859756.1)
                  0000895c    00000004     libc.a : _scanfi.c.obj (.rodata.str1.3403580589742030990.1)
                  00008960    00000003     ti_msp_dl_config.o (.rodata.gMOTOR_PIDClockConfig)
                  00008963    00000003     ti_msp_dl_config.o (.rodata.gPWMAClockConfig)
                  00008966    00000003     ti_msp_dl_config.o (.rodata.gPWM_0ClockConfig)
                  00008969    00000003     ti_msp_dl_config.o (.rodata.ginterruptClockConfig)
                  0000896c    00000003     button.o (.rodata.str1.14534319505987938077.1)
                  0000896f    00000003     button.o (.rodata.str1.4814403386154660623.1)
                  00008972    00000003     button.o (.rodata.str1.5118421520521110280.1)
                  00008975    00000002     ti_msp_dl_config.o (.rodata.gUART_0ClockConfig)
                  00008977    00000002     button.o (.rodata.str1.9854567489472941698.1)
                  00008979    00000007     --HOLE-- [fill = 0]

.init_array 
*          0    00000000    00000000     UNINITIALIZED

.binit     0    00000000    00000000     

.bss       0    20200000    000006e8     UNINITIALIZED
                  20200000    00000480     (.common:OLED_GRAM)
                  20200480    000000bc     (.common:gMOTOR_PIDBackup)
                  2020053c    000000bc     (.common:ginterruptBackup)
                  202005f8    000000a0     (.common:gPWM_0Backup)
                  20200698    00000040     uart.o (.bss.g_rx_buf)
                  202006d8    00000004     track.o (.bss.g_angle_x)
                  202006dc    00000004     track.o (.bss.g_angle_y)
                  202006e0    00000004     track.o (.bss.g_int_x)
                  202006e4    00000004     track.o (.bss.g_int_y)

.data      0    202006e8    00000078     UNINITIALIZED
                  202006e8    00000008     gray_sensor.o (.data.gray_data)
                  202006f0    00000004     motor.o (.data.Ki)
                  202006f4    00000004     motor.o (.data.Kp)
                  202006f8    00000004     motor.o (.data.PWM_1_duty)
                  202006fc    00000004     motor.o (.data.PWM_2_duty)
                  20200700    00000004     libc.a : aeabi_portable.c.obj (.data.__aeabi_errno)
                  20200704    00000004     interrupt.o (.data.counter_1_A)
                  20200708    00000004     interrupt.o (.data.counter_1_B)
                  2020070c    00000004     motor.o (.data.current_error_1)
                  20200710    00000004     motor.o (.data.current_error_2)
                  20200714    00000004     gray_sensor.o (.data.delay_start_tick)
                  20200718    00000004     button.o (.data.g_lap_key_down_tick)
                  2020071c    00000004     button.o (.data.g_mode_key_down_tick)
                  20200720    00000004     gray_sensor.o (.data.g_ms_tick)
                  20200724    00000004     empty.o (.data.g_scan_last_tick)
                  20200728    00000004     empty.o (.data.g_scan_x_angle)
                  2020072c    00000004     motor.o (.data.last_error_1)
                  20200730    00000004     motor.o (.data.last_error_2)
                  20200734    00000004     motor.o (.data.speed_1)
                  20200738    00000004     motor.o (.data.speed_2)
                  2020073c    00000004     motor.o (.data.target_speed_1)
                  20200740    00000004     motor.o (.data.target_speed_2)
                  20200744    00000002     gray_sensor.o (.data.last_valid_error)
                  20200746    00000001     button.o (.data.Button_UpdateDisplay.last_corner_cnt)
                  20200747    00000001     button.o (.data.Button_UpdateDisplay.last_lap_count)
                  20200748    00000001     button.o (.data.Button_UpdateDisplay.last_lap_target)
                  20200749    00000001     button.o (.data.Button_UpdateDisplay.last_mode)
                  2020074a    00000001     button.o (.data.Button_UpdateDisplay.last_state)
                  2020074b    00000001     button.o (.data.Button_UpdateDisplay.need_redraw)
                  2020074c    00000001     uart.o (.data.UART0_IRQHandler.slash_seen)
                  2020074d    00000001     motor.o (.data.corner_mode)
                  2020074e    00000001     gray_sensor.o (.data.delay_pending)
                  2020074f    00000001     button.o (.data.g_corner_active)
                  20200750    00000001     button.o (.data.g_corner_count)
                  20200751    00000001     button.o (.data.g_corner_edge)
                  20200752    00000001     button.o (.data.g_lap_count)
                  20200753    00000001     button.o (.data.g_lap_key_state)
                  20200754    00000001     button.o (.data.g_lap_target)
                  20200755    00000001     track.o (.data.g_locked)
                  20200756    00000001     button.o (.data.g_mode_key_state)
                  20200757    00000001     button.o (.data.g_op_mode)
                  20200758    00000001     uart.o (.data.g_rx_done)
                  20200759    00000001     uart.o (.data.g_rx_idx)
                  2020075a    00000001     empty.o (.data.g_scan_dir)
                  2020075b    00000001     empty.o (.data.g_scan_init)
                  2020075c    00000001     empty.o (.data.g_scan_is_tracking)
                  2020075d    00000001     button.o (.data.g_sys_state)
                  2020075e    00000001     gray_sensor.o (.data.gray_data_ready)
                  2020075f    00000001     gray_sensor.o (.data.read_state)

.stack     0    20207e00    00000200     UNINITIALIZED
                  20207e00    00000004     libc.a : boot_cortex_m.c.obj (.stack)
                  20207e04    000001fc     --HOLE--

__llvm_prf_cnts 
*          0    20200000    00000000     UNINITIALIZED

__llvm_prf_bits 
*          0    20200000    00000000     UNINITIALIZED

MODULE SUMMARY

       Module                         code    ro data   rw data
       ------                         ----    -------   -------
    .\
       button.o                       1612    205       23     
       ti_msp_dl_config.o             1220    82        536    
       empty.o                        1156    14        11     
       track.o                        732     0         17     
       servo.o                        364     0         0      
       uart.o                         208     0         67     
       startup_mspm0g350x_ticlang.o   6       192       0      
    +--+------------------------------+-------+---------+---------+
       Total:                         5298    493       654    
                                                               
    .\driver\
       oled.o                         10692   6080      1152   
       gray_sensor.o                  1220    0         21     
       motor.o                        756     0         49     
       interrupt.o                    100     0         8      
       delay.o                        14      0         0      
    +--+------------------------------+-------+---------+---------+
       Total:                         12782   6080      1230   
                                                               
    E:/TI/mspm0_sdk_2_10_00_04/source/ti/driverlib/lib/ticlang/m0p/mspm0g1x0x_g3x0x/driverlib.a
       dl_timer.o                     608     0         0      
       dl_i2c.o                       132     0         0      
       dl_uart.o                      90      0         0      
       dl_common.o                    10      0         0      
    +--+------------------------------+-------+---------+---------+
       Total:                         840     0         0      
                                                               
    E:\TI\ccs\tools\compiler\ti-cgt-armllvm_4.0.4.LTS\lib\armv6m-ti-none-eabi/c/libc.a
       _scanfi.c.obj                  3092    34        0      
       strtod.c.obj                   968     200       0      
       strtoll.c.obj                  480     0         0      
       strtoull.c.obj                 364     0         0      
       strtol.c.obj                   324     0         0      
       strtoul.c.obj                  300     0         0      
       aeabi_ctype.S.obj              0       257       0      
       s_scalbn.c.obj                 216     0         0      
       sscanf.c.obj                   192     0         0      
       memcpy16.S.obj                 154     0         0      
       copy_decompress_lzss.c.obj     124     0         0      
       memset16.S.obj                 98      0         0      
       atoi.c.obj                     64      0         0      
       autoinit.c.obj                 60      0         0      
       boot_cortex_m.c.obj            40      0         0      
       copy_decompress_none.c.obj     18      0         0      
       copy_zero_init.c.obj           16      0         0      
       aeabi_portable.c.obj           8       0         4      
       exit.c.obj                     6       0         0      
       pre_init.c.obj                 4       0         0      
    +--+------------------------------+-------+---------+---------+
       Total:                         6528    491       4      
                                                               
    E:\TI\ccs\tools\compiler\ti-cgt-armllvm_4.0.4.LTS\lib\armv6m-ti-none-eabi/c/libsysbm.a
       hostexit.c.obj                 4       0         0      
    +--+------------------------------+-------+---------+---------+
       Total:                         4       0         0      
                                                               
    E:\TI\ccs\tools\compiler\ti-cgt-armllvm_4.0.4.LTS\lib\armv6m-ti-none-eabi/libclang_rt.builtins.a
       adddf3.S.obj                   402     0         0      
       divdf3.S.obj                   268     0         0      
       muldf3.S.obj                   228     0         0      
       comparedf2.c.obj               220     0         0      
       addsf3.S.obj                   216     0         0      
       udivmoddi4.S.obj               162     0         0      
       mulsf3.S.obj                   140     0         0      
       divsf3.S.obj                   130     0         0      
       comparesf2.S.obj               118     0         0      
       truncdfsf2.S.obj               116     0         0      
       aeabi_dcmp.S.obj               114     0         0      
       aeabi_fcmp.S.obj               98      0         0      
       aeabi_uidivmod.S.obj           64      0         0      
       extendsfdf2.S.obj              64      0         0      
       floatsisf.S.obj                60      0         0      
       muldsi3.S.obj                  58      0         0      
       fixsfsi.S.obj                  56      0         0      
       floatunsisf.S.obj              40      0         0      
       muldi3.S.obj                   36      0         0      
       ashldi3.S.obj                  30      0         0      
       aeabi_uldivmod.S.obj           20      0         0      
       aeabi_memset.S.obj             12      0         0      
       aeabi_memcpy.S.obj             8       0         0      
       aeabi_div0.c.obj               4       0         0      
    +--+------------------------------+-------+---------+---------+
       Total:                         2664    0         0      
                                                               
       Stack:                         0       0         512    
       Linker Generated:              0       65        0      
    +--+------------------------------+-------+---------+---------+
       Grand Total:                   28116   7129      2400   


LINKER GENERATED COPY TABLES

__TI_cinit_table @ 000089b4 records: 2, size/record: 8, table size: 16
	.data: load addr=00008980, load size=0000001d bytes, run addr=202006e8, run size=00000078 bytes, compression=lzss
	.bss: load addr=000089ac, load size=00000008 bytes, run addr=20200000, run size=000006e8 bytes, compression=zero_init


LINKER GENERATED HANDLER TABLE

__TI_handler_table @ 000089a0 records: 3, size/record: 4, table size: 12
	index: 0, handler: __TI_decompress_lzss
	index: 1, handler: __TI_decompress_none
	index: 2, handler: __TI_zero_init


FAR CALL TRAMPOLINES

callee name               trampoline name
   callee addr  tramp addr   call addr  call info
--------------  -----------  ---------  ----------------
__aeabi_dcmpeq            $Tramp$TT$L$PI$$__aeabi_dcmpeq
   000064c9     00006e58     00006e54   libc.a : strtod.c.obj (.text.OUTLINED_FUNCTION_1)

[1 trampolines]
[1 trampoline calls]


GLOBAL SYMBOLS: SORTED ALPHABETICALLY BY Name 

address   name                            
-------   ----                            
00004ebb  ADC0_IRQHandler                 
00004ebb  ADC1_IRQHandler                 
00004ebb  AES_IRQHandler                  
00006dfd  Button_GetMode                  
00006e09  Button_GetState                 
00006c8d  Button_Init                     
00006e37  Button_OLED_Init                
000057ed  Button_OnCorner                 
00006d75  Button_SetLapTarget             
000047a9  Button_Task                     
00003d65  Button_UpdateDisplay            
00006e94  C$$EXIT                         
00004ebb  CANFD0_IRQHandler               
00004ebb  DAC0_IRQHandler                 
00006e2d  DL_Common_delayCycles           
000065f1  DL_I2C_fillControllerTXFIFO     
00006bfd  DL_I2C_setClockConfig           
000055ed  DL_Timer_initFourCCPWMMode      
000056f1  DL_Timer_initTimerMode          
00006ca9  DL_Timer_setCaptCompUpdateMethod
00006cfd  DL_Timer_setCaptureCompareOutCtl
00006d85  DL_Timer_setCaptureCompareValue 
00006cc5  DL_Timer_setClockConfig         
000066f1  DL_UART_init                    
00006d51  DL_UART_setClockConfig          
00004ebb  DMA_IRQHandler                  
00004ebb  Default_Handler                 
00004ebb  GROUP0_IRQHandler               
00006a1d  GROUP1_IRQHandler               
00005299  Gray_Calc_Track_Error           
000039ed  Gray_Task_Loop                  
00006e95  HOSTexit                        
00004ebb  HardFault_Handler               
00004ebb  I2C0_IRQHandler                 
00004ebb  I2C1_IRQHandler                 
202006f0  Ki                              
202006f4  Kp                              
00004ebb  NMI_Handler                     
00002291  OLED_Clear                      
20200000  OLED_GRAM                       
000000c1  OLED_Init                       
00004559  OLED_Refresh                    
00002d21  OLED_ShowNum                    
000042f9  OLED_ShowString                 
202006f8  PWM_1_duty                      
202006fc  PWM_2_duty                      
00004ebb  PendSV_Handler                  
00004ebb  RTC_IRQHandler                  
00006e99  Reset_Handler                   
00004ebb  SPI0_IRQHandler                 
00004ebb  SPI1_IRQHandler                 
00004ebb  SVC_Handler                     
000053c1  SYSCFG_DL_GPIO_init             
00006879  SYSCFG_DL_MOTOR_PID_init        
00006651  SYSCFG_DL_OLED_init             
00005e8d  SYSCFG_DL_PWMA_init             
00005df9  SYSCFG_DL_PWM_0_init            
00006739  SYSCFG_DL_SYSCTL_init           
00006af5  SYSCFG_DL_SYSTICK_init          
00005f19  SYSCFG_DL_UART_0_init           
000066a5  SYSCFG_DL_init                  
00006389  SYSCFG_DL_initPower             
000068b5  SYSCFG_DL_interrupt_init        
00006a8d  Servo_Init                      
00006135  Servo_SetAngle                  
00005b69  Servo_SetBoth                   
00006d95  SysTick_Handler                 
00006ce1  TIMA0_IRQHandler                
00004b79  TIMA1_IRQHandler                
00004ebb  TIMG0_IRQHandler                
00004ebb  TIMG12_IRQHandler               
00004ebb  TIMG6_IRQHandler                
00004ebb  TIMG7_IRQHandler                
00004ebb  TIMG8_IRQHandler                
00006b25  Track_Init                      
00006779  Track_SyncAngleX                
0000408d  Track_Update                    
00005d61  UART0_IRQHandler                
00004ebb  UART1_IRQHandler                
00004ebb  UART2_IRQHandler                
00004ebb  UART3_IRQHandler                
00006e69  UART_GetLine                    
00006da5  UART_Init                       
00006e15  UART_LineReady                  
00006d15  UART_NextLine                   
20208000  __STACK_END                     
00000200  __STACK_SIZE                    
00000000  __TI_ATRegion0_region_sz        
00000000  __TI_ATRegion0_src_addr         
00000000  __TI_ATRegion0_trg_addr         
00000000  __TI_ATRegion1_region_sz        
00000000  __TI_ATRegion1_src_addr         
00000000  __TI_ATRegion1_trg_addr         
00000000  __TI_ATRegion2_region_sz        
00000000  __TI_ATRegion2_src_addr         
00000000  __TI_ATRegion2_trg_addr         
000089b4  __TI_CINIT_Base                 
000089c4  __TI_CINIT_Limit                
000089c4  __TI_CINIT_Warm                 
000089a0  __TI_Handler_Table_Base         
000089ac  __TI_Handler_Table_Limit        
00006969  __TI_auto_init_nobinit_nopinit  
000061b1  __TI_decompress_lzss            
00006d63  __TI_decompress_none            
ffffffff  __TI_pprof_out_hndl             
ffffffff  __TI_prof_data_size             
ffffffff  __TI_prof_data_start            
000016b5  __TI_scanfi                     
00000000  __TI_static_base__              
00006db5  __TI_zero_init                  
00004d33  __adddf3                        
00005a9b  __addsf3                        
00008660  __aeabi_ctype_table_            
00008660  __aeabi_ctype_table_C           
000062a1  __aeabi_d2f                     
00004d33  __aeabi_dadd                    
000064c9  __aeabi_dcmpeq                  
00006505  __aeabi_dcmpge                  
00006519  __aeabi_dcmpgt                  
000064f1  __aeabi_dcmple                  
000064dd  __aeabi_dcmplt                  
000054e1  __aeabi_ddiv                    
000058d5  __aeabi_dmul                    
00004d29  __aeabi_dsub                    
20200700  __aeabi_errno                   
00006e71  __aeabi_errno_addr              
000067f9  __aeabi_f2d                     
00006a55  __aeabi_f2iz                    
00005a9b  __aeabi_fadd                    
0000652d  __aeabi_fcmpeq                  
00006569  __aeabi_fcmpge                  
0000657d  __aeabi_fcmpgt                  
00006555  __aeabi_fcmple                  
00006541  __aeabi_fcmplt                  
00006031  __aeabi_fdiv                    
00005fa5  __aeabi_fmul                    
00005a91  __aeabi_fsub                    
000068f1  __aeabi_i2f                     
000060b3  __aeabi_idiv0                   
0000652b  __aeabi_ldiv0                   
00006c6d  __aeabi_llsl                    
00006c25  __aeabi_lmul                    
00006e21  __aeabi_memclr                  
00006e21  __aeabi_memclr4                 
00006e21  __aeabi_memclr8                 
00006e79  __aeabi_memcpy                  
00006e79  __aeabi_memcpy4                 
00006e79  __aeabi_memcpy8                 
00006b85  __aeabi_ui2f                    
000067b9  __aeabi_uidiv                   
000067b9  __aeabi_uidivmod                
00006d29  __aeabi_uldivmod                
00006c6d  __ashldi3                       
ffffffff  __binit__                       
000063f9  __cmpdf2                        
000069a5  __cmpsf2                        
000054e1  __divdf3                        
00006031  __divsf3                        
000063f9  __eqdf2                         
000069a5  __eqsf2                         
000067f9  __extendsfdf2                   
00006a55  __fixsfsi                       
000068f1  __floatsisf                     
00006b85  __floatunsisf                   
0000622d  __gedf2                         
0000692d  __gesf2                         
0000622d  __gtdf2                         
0000692d  __gtsf2                         
000063f9  __ledf2                         
000069a5  __lesf2                         
000063f9  __ltdf2                         
000069a5  __ltsf2                         
UNDEFED   __mpu_init                      
000058d5  __muldf3                        
00006c25  __muldi3                        
000069e1  __muldsi3                       
00005fa5  __mulsf3                        
000063f9  __nedf2                         
000069a5  __nesf2                         
20207e00  __stack                         
20200000  __start___llvm_prf_bits         
20200000  __start___llvm_prf_cnts         
20200000  __stop___llvm_prf_bits          
20200000  __stop___llvm_prf_cnts          
00004d29  __subdf3                        
00005a91  __subsf3                        
000062a1  __truncdfsf2                    
00005c25  __udivmoddi4                    
00006bd5  _c_int00_noargs                 
UNDEFED   _system_post_cinit              
00006e9d  _system_pre_init                
00006e8f  abort                           
000081ec  asc2_1206                       
00007bfc  asc2_1608                       
00006ea0  asc2_2412                       
00006839  atoi                            
ffffffff  binit                           
2020074d  corner_mode                     
20200704  counter_1_A                     
20200708  counter_1_B                     
2020070c  current_error_1                 
20200710  current_error_2                 
00006def  delay_ms                        
20200480  gMOTOR_PIDBackup                
202005f8  gPWM_0Backup                    
20200720  g_ms_tick                       
2020053c  ginterruptBackup                
202006e8  gray_data                       
2020075e  gray_data_ready                 
00006c49  gray_sensor_init                
00000000  interruptVectors                
2020072c  last_error_1                    
20200730  last_error_2                    
000059b9  ldexp                           
000059b9  ldexpl                          
000031b1  main                            
00005cc7  memcpy                          
0000658f  memset                          
00006461  motor_init                      
00006ac1  motor_reset_pid                 
000060b5  motor_set_direction             
00006bad  motor_set_duty                  
000059b9  scalbn                          
000059b9  scalbnl                         
20200734  speed_1                         
20200738  speed_2                         
00006b55  sscanf                          
00003635  strtod                          
00005029  strtol                          
00003635  strtold                         
00004999  strtoll                         
0000516d  strtoul                         
00004ebd  strtoull                        
2020073c  target_speed_1                  
20200740  target_speed_2                  


GLOBAL SYMBOLS: SORTED BY Symbol Address 

address   name                            
-------   ----                            
00000000  __TI_ATRegion0_region_sz        
00000000  __TI_ATRegion0_src_addr         
00000000  __TI_ATRegion0_trg_addr         
00000000  __TI_ATRegion1_region_sz        
00000000  __TI_ATRegion1_src_addr         
00000000  __TI_ATRegion1_trg_addr         
00000000  __TI_ATRegion2_region_sz        
00000000  __TI_ATRegion2_src_addr         
00000000  __TI_ATRegion2_trg_addr         
00000000  __TI_static_base__              
00000000  interruptVectors                
000000c1  OLED_Init                       
00000200  __STACK_SIZE                    
000016b5  __TI_scanfi                     
00002291  OLED_Clear                      
00002d21  OLED_ShowNum                    
000031b1  main                            
00003635  strtod                          
00003635  strtold                         
000039ed  Gray_Task_Loop                  
00003d65  Button_UpdateDisplay            
0000408d  Track_Update                    
000042f9  OLED_ShowString                 
00004559  OLED_Refresh                    
000047a9  Button_Task                     
00004999  strtoll                         
00004b79  TIMA1_IRQHandler                
00004d29  __aeabi_dsub                    
00004d29  __subdf3                        
00004d33  __adddf3                        
00004d33  __aeabi_dadd                    
00004ebb  ADC0_IRQHandler                 
00004ebb  ADC1_IRQHandler                 
00004ebb  AES_IRQHandler                  
00004ebb  CANFD0_IRQHandler               
00004ebb  DAC0_IRQHandler                 
00004ebb  DMA_IRQHandler                  
00004ebb  Default_Handler                 
00004ebb  GROUP0_IRQHandler               
00004ebb  HardFault_Handler               
00004ebb  I2C0_IRQHandler                 
00004ebb  I2C1_IRQHandler                 
00004ebb  NMI_Handler                     
00004ebb  PendSV_Handler                  
00004ebb  RTC_IRQHandler                  
00004ebb  SPI0_IRQHandler                 
00004ebb  SPI1_IRQHandler                 
00004ebb  SVC_Handler                     
00004ebb  TIMG0_IRQHandler                
00004ebb  TIMG12_IRQHandler               
00004ebb  TIMG6_IRQHandler                
00004ebb  TIMG7_IRQHandler                
00004ebb  TIMG8_IRQHandler                
00004ebb  UART1_IRQHandler                
00004ebb  UART2_IRQHandler                
00004ebb  UART3_IRQHandler                
00004ebd  strtoull                        
00005029  strtol                          
0000516d  strtoul                         
00005299  Gray_Calc_Track_Error           
000053c1  SYSCFG_DL_GPIO_init             
000054e1  __aeabi_ddiv                    
000054e1  __divdf3                        
000055ed  DL_Timer_initFourCCPWMMode      
000056f1  DL_Timer_initTimerMode          
000057ed  Button_OnCorner                 
000058d5  __aeabi_dmul                    
000058d5  __muldf3                        
000059b9  ldexp                           
000059b9  ldexpl                          
000059b9  scalbn                          
000059b9  scalbnl                         
00005a91  __aeabi_fsub                    
00005a91  __subsf3                        
00005a9b  __addsf3                        
00005a9b  __aeabi_fadd                    
00005b69  Servo_SetBoth                   
00005c25  __udivmoddi4                    
00005cc7  memcpy                          
00005d61  UART0_IRQHandler                
00005df9  SYSCFG_DL_PWM_0_init            
00005e8d  SYSCFG_DL_PWMA_init             
00005f19  SYSCFG_DL_UART_0_init           
00005fa5  __aeabi_fmul                    
00005fa5  __mulsf3                        
00006031  __aeabi_fdiv                    
00006031  __divsf3                        
000060b3  __aeabi_idiv0                   
000060b5  motor_set_direction             
00006135  Servo_SetAngle                  
000061b1  __TI_decompress_lzss            
0000622d  __gedf2                         
0000622d  __gtdf2                         
000062a1  __aeabi_d2f                     
000062a1  __truncdfsf2                    
00006389  SYSCFG_DL_initPower             
000063f9  __cmpdf2                        
000063f9  __eqdf2                         
000063f9  __ledf2                         
000063f9  __ltdf2                         
000063f9  __nedf2                         
00006461  motor_init                      
000064c9  __aeabi_dcmpeq                  
000064dd  __aeabi_dcmplt                  
000064f1  __aeabi_dcmple                  
00006505  __aeabi_dcmpge                  
00006519  __aeabi_dcmpgt                  
0000652b  __aeabi_ldiv0                   
0000652d  __aeabi_fcmpeq                  
00006541  __aeabi_fcmplt                  
00006555  __aeabi_fcmple                  
00006569  __aeabi_fcmpge                  
0000657d  __aeabi_fcmpgt                  
0000658f  memset                          
000065f1  DL_I2C_fillControllerTXFIFO     
00006651  SYSCFG_DL_OLED_init             
000066a5  SYSCFG_DL_init                  
000066f1  DL_UART_init                    
00006739  SYSCFG_DL_SYSCTL_init           
00006779  Track_SyncAngleX                
000067b9  __aeabi_uidiv                   
000067b9  __aeabi_uidivmod                
000067f9  __aeabi_f2d                     
000067f9  __extendsfdf2                   
00006839  atoi                            
00006879  SYSCFG_DL_MOTOR_PID_init        
000068b5  SYSCFG_DL_interrupt_init        
000068f1  __aeabi_i2f                     
000068f1  __floatsisf                     
0000692d  __gesf2                         
0000692d  __gtsf2                         
00006969  __TI_auto_init_nobinit_nopinit  
000069a5  __cmpsf2                        
000069a5  __eqsf2                         
000069a5  __lesf2                         
000069a5  __ltsf2                         
000069a5  __nesf2                         
000069e1  __muldsi3                       
00006a1d  GROUP1_IRQHandler               
00006a55  __aeabi_f2iz                    
00006a55  __fixsfsi                       
00006a8d  Servo_Init                      
00006ac1  motor_reset_pid                 
00006af5  SYSCFG_DL_SYSTICK_init          
00006b25  Track_Init                      
00006b55  sscanf                          
00006b85  __aeabi_ui2f                    
00006b85  __floatunsisf                   
00006bad  motor_set_duty                  
00006bd5  _c_int00_noargs                 
00006bfd  DL_I2C_setClockConfig           
00006c25  __aeabi_lmul                    
00006c25  __muldi3                        
00006c49  gray_sensor_init                
00006c6d  __aeabi_llsl                    
00006c6d  __ashldi3                       
00006c8d  Button_Init                     
00006ca9  DL_Timer_setCaptCompUpdateMethod
00006cc5  DL_Timer_setClockConfig         
00006ce1  TIMA0_IRQHandler                
00006cfd  DL_Timer_setCaptureCompareOutCtl
00006d15  UART_NextLine                   
00006d29  __aeabi_uldivmod                
00006d51  DL_UART_setClockConfig          
00006d63  __TI_decompress_none            
00006d75  Button_SetLapTarget             
00006d85  DL_Timer_setCaptureCompareValue 
00006d95  SysTick_Handler                 
00006da5  UART_Init                       
00006db5  __TI_zero_init                  
00006def  delay_ms                        
00006dfd  Button_GetMode                  
00006e09  Button_GetState                 
00006e15  UART_LineReady                  
00006e21  __aeabi_memclr                  
00006e21  __aeabi_memclr4                 
00006e21  __aeabi_memclr8                 
00006e2d  DL_Common_delayCycles           
00006e37  Button_OLED_Init                
00006e69  UART_GetLine                    
00006e71  __aeabi_errno_addr              
00006e79  __aeabi_memcpy                  
00006e79  __aeabi_memcpy4                 
00006e79  __aeabi_memcpy8                 
00006e8f  abort                           
00006e94  C$$EXIT                         
00006e95  HOSTexit                        
00006e99  Reset_Handler                   
00006e9d  _system_pre_init                
00006ea0  asc2_2412                       
00007bfc  asc2_1608                       
000081ec  asc2_1206                       
00008660  __aeabi_ctype_table_            
00008660  __aeabi_ctype_table_C           
000089a0  __TI_Handler_Table_Base         
000089ac  __TI_Handler_Table_Limit        
000089b4  __TI_CINIT_Base                 
000089c4  __TI_CINIT_Limit                
000089c4  __TI_CINIT_Warm                 
20200000  OLED_GRAM                       
20200000  __start___llvm_prf_bits         
20200000  __start___llvm_prf_cnts         
20200000  __stop___llvm_prf_bits          
20200000  __stop___llvm_prf_cnts          
20200480  gMOTOR_PIDBackup                
2020053c  ginterruptBackup                
202005f8  gPWM_0Backup                    
202006e8  gray_data                       
202006f0  Ki                              
202006f4  Kp                              
202006f8  PWM_1_duty                      
202006fc  PWM_2_duty                      
20200700  __aeabi_errno                   
20200704  counter_1_A                     
20200708  counter_1_B                     
2020070c  current_error_1                 
20200710  current_error_2                 
20200720  g_ms_tick                       
2020072c  last_error_1                    
20200730  last_error_2                    
20200734  speed_1                         
20200738  speed_2                         
2020073c  target_speed_1                  
20200740  target_speed_2                  
2020074d  corner_mode                     
2020075e  gray_data_ready                 
20207e00  __stack                         
20208000  __STACK_END                     
ffffffff  __TI_pprof_out_hndl             
ffffffff  __TI_prof_data_size             
ffffffff  __TI_prof_data_start            
ffffffff  __binit__                       
ffffffff  binit                           
UNDEFED   __mpu_init                      
UNDEFED   _system_post_cinit              

[235 symbols]
