<?xml version="1.0" encoding="ISO-8859-1" ?>
<link_info>
   <banner>TI ARM Clang Linker PC v4.0.4.LTS</banner>
   <copyright>Copyright (c) 1996-2018 Texas Instruments Incorporated</copyright>
   <command_line>E:\TI\ccs\tools\compiler\ti-cgt-armllvm_4.0.4.LTS\bin\tiarmlnk -IE:\TI\ccs\tools\compiler\ti-cgt-armllvm_4.0.4.LTS\lib -o diansai_LP_MSPM0G3507_nortos_ticlang.out -mdiansai_LP_MSPM0G3507_nortos_ticlang.map -iE:/TI/mspm0_sdk_2_10_00_04/source -iE:/TI/myvode/diansai_LP_MSPM0G3507_nortos_ticlang -iE:/TI/myvode/diansai_LP_MSPM0G3507_nortos_ticlang/Debug/syscfg -iE:/TI/ccs/tools/compiler/ti-cgt-armllvm_4.0.4.LTS/lib --diag_wrap=off --display_error_number --warn_sections --xml_link_info=diansai_LP_MSPM0G3507_nortos_ticlang_linkInfo.xml --rom_model ./button.o ./empty.o ./ti_msp_dl_config.o ./startup_mspm0g350x_ticlang.o ./servo.o ./track.o ./uart.o ./driver/delay.o ./driver/gray_sensor.o ./driver/interrupt.o ./driver/motor.o ./driver/oled.o -l./device_linker.cmd -ldevice.cmd.genlibs -llibc.a --start-group -llibc++.a -llibc++abi.a -llibc.a -llibsys.a -llibsysbm.a -llibclang_rt.builtins.a -llibclang_rt.profile.a --end-group --cg_opt_level=2</command_line>
   <link_time>0x6a32b173</link_time>
   <link_errors>0x0</link_errors>
   <output_file>E:\TI\myvode\diansai_LP_MSPM0G3507_nortos_ticlang\Debug\diansai_LP_MSPM0G3507_nortos_ticlang.out</output_file>
   <entry_point>
      <name>_c_int00_noargs</name>
      <address>0x6bd5</address>
   </entry_point>
   <input_file_list>
      <input_file id="fl-1">
         <path>E:\TI\myvode\diansai_LP_MSPM0G3507_nortos_ticlang\Debug\.\</path>
         <kind>object</kind>
         <file>button.o</file>
         <name>button.o</name>
      </input_file>
      <input_file id="fl-2">
         <path>E:\TI\myvode\diansai_LP_MSPM0G3507_nortos_ticlang\Debug\.\</path>
         <kind>object</kind>
         <file>empty.o</file>
         <name>empty.o</name>
      </input_file>
      <input_file id="fl-3">
         <path>E:\TI\myvode\diansai_LP_MSPM0G3507_nortos_ticlang\Debug\.\</path>
         <kind>object</kind>
         <file>ti_msp_dl_config.o</file>
         <name>ti_msp_dl_config.o</name>
      </input_file>
      <input_file id="fl-4">
         <path>E:\TI\myvode\diansai_LP_MSPM0G3507_nortos_ticlang\Debug\.\</path>
         <kind>object</kind>
         <file>startup_mspm0g350x_ticlang.o</file>
         <name>startup_mspm0g350x_ticlang.o</name>
      </input_file>
      <input_file id="fl-5">
         <path>E:\TI\myvode\diansai_LP_MSPM0G3507_nortos_ticlang\Debug\.\</path>
         <kind>object</kind>
         <file>servo.o</file>
         <name>servo.o</name>
      </input_file>
      <input_file id="fl-6">
         <path>E:\TI\myvode\diansai_LP_MSPM0G3507_nortos_ticlang\Debug\.\</path>
         <kind>object</kind>
         <file>track.o</file>
         <name>track.o</name>
      </input_file>
      <input_file id="fl-7">
         <path>E:\TI\myvode\diansai_LP_MSPM0G3507_nortos_ticlang\Debug\.\</path>
         <kind>object</kind>
         <file>uart.o</file>
         <name>uart.o</name>
      </input_file>
      <input_file id="fl-8">
         <path>E:\TI\myvode\diansai_LP_MSPM0G3507_nortos_ticlang\Debug\.\driver\</path>
         <kind>object</kind>
         <file>delay.o</file>
         <name>delay.o</name>
      </input_file>
      <input_file id="fl-9">
         <path>E:\TI\myvode\diansai_LP_MSPM0G3507_nortos_ticlang\Debug\.\driver\</path>
         <kind>object</kind>
         <file>gray_sensor.o</file>
         <name>gray_sensor.o</name>
      </input_file>
      <input_file id="fl-a">
         <path>E:\TI\myvode\diansai_LP_MSPM0G3507_nortos_ticlang\Debug\.\driver\</path>
         <kind>object</kind>
         <file>interrupt.o</file>
         <name>interrupt.o</name>
      </input_file>
      <input_file id="fl-b">
         <path>E:\TI\myvode\diansai_LP_MSPM0G3507_nortos_ticlang\Debug\.\driver\</path>
         <kind>object</kind>
         <file>motor.o</file>
         <name>motor.o</name>
      </input_file>
      <input_file id="fl-c">
         <path>E:\TI\myvode\diansai_LP_MSPM0G3507_nortos_ticlang\Debug\.\driver\</path>
         <kind>object</kind>
         <file>oled.o</file>
         <name>oled.o</name>
      </input_file>
      <input_file id="fl-19">
         <path>E:\TI\myvode\diansai_LP_MSPM0G3507_nortos_ticlang\Debug\</path>
         <kind>object</kind>
         <file>&lt;internal&gt;</file>
         <name>&lt;internal&gt;</name>
      </input_file>
      <input_file id="fl-1a">
         <path>E:\TI\mspm0_sdk_2_10_00_04\source\ti\driverlib\lib\ticlang\m0p\mspm0g1x0x_g3x0x\</path>
         <kind>archive</kind>
         <file>driverlib.a</file>
         <name>dl_common.o</name>
      </input_file>
      <input_file id="fl-1b">
         <path>E:\TI\mspm0_sdk_2_10_00_04\source\ti\driverlib\lib\ticlang\m0p\mspm0g1x0x_g3x0x\</path>
         <kind>archive</kind>
         <file>driverlib.a</file>
         <name>dl_i2c.o</name>
      </input_file>
      <input_file id="fl-1c">
         <path>E:\TI\mspm0_sdk_2_10_00_04\source\ti\driverlib\lib\ticlang\m0p\mspm0g1x0x_g3x0x\</path>
         <kind>archive</kind>
         <file>driverlib.a</file>
         <name>dl_timer.o</name>
      </input_file>
      <input_file id="fl-1d">
         <path>E:\TI\mspm0_sdk_2_10_00_04\source\ti\driverlib\lib\ticlang\m0p\mspm0g1x0x_g3x0x\</path>
         <kind>archive</kind>
         <file>driverlib.a</file>
         <name>dl_uart.o</name>
      </input_file>
      <input_file id="fl-34">
         <path>E:\TI\ccs\tools\compiler\ti-cgt-armllvm_4.0.4.LTS\lib\armv6m-ti-none-eabi\c\</path>
         <kind>archive</kind>
         <file>libc.a</file>
         <name>sscanf.c.obj</name>
      </input_file>
      <input_file id="fl-35">
         <path>E:\TI\ccs\tools\compiler\ti-cgt-armllvm_4.0.4.LTS\lib\armv6m-ti-none-eabi\c\</path>
         <kind>archive</kind>
         <file>libc.a</file>
         <name>aeabi_ctype.S.obj</name>
      </input_file>
      <input_file id="fl-36">
         <path>E:\TI\ccs\tools\compiler\ti-cgt-armllvm_4.0.4.LTS\lib\armv6m-ti-none-eabi\c\</path>
         <kind>archive</kind>
         <file>libc.a</file>
         <name>boot_cortex_m.c.obj</name>
      </input_file>
      <input_file id="fl-37">
         <path>E:\TI\ccs\tools\compiler\ti-cgt-armllvm_4.0.4.LTS\lib\armv6m-ti-none-eabi\c\</path>
         <kind>archive</kind>
         <file>libc.a</file>
         <name>mathacl_init.c.obj</name>
      </input_file>
      <input_file id="fl-38">
         <path>E:\TI\ccs\tools\compiler\ti-cgt-armllvm_4.0.4.LTS\lib\armv6m-ti-none-eabi\c\</path>
         <kind>archive</kind>
         <file>libc.a</file>
         <name>autoinit.c.obj</name>
      </input_file>
      <input_file id="fl-39">
         <path>E:\TI\ccs\tools\compiler\ti-cgt-armllvm_4.0.4.LTS\lib\armv6m-ti-none-eabi\c\</path>
         <kind>archive</kind>
         <file>libc.a</file>
         <name>pre_init.c.obj</name>
      </input_file>
      <input_file id="fl-3a">
         <path>E:\TI\ccs\tools\compiler\ti-cgt-armllvm_4.0.4.LTS\lib\armv6m-ti-none-eabi\c\</path>
         <kind>archive</kind>
         <file>libc.a</file>
         <name>cpy_tbl.c.obj</name>
      </input_file>
      <input_file id="fl-3b">
         <path>E:\TI\ccs\tools\compiler\ti-cgt-armllvm_4.0.4.LTS\lib\armv6m-ti-none-eabi\c\</path>
         <kind>archive</kind>
         <file>libc.a</file>
         <name>copy_zero_init.c.obj</name>
      </input_file>
      <input_file id="fl-3c">
         <path>E:\TI\ccs\tools\compiler\ti-cgt-armllvm_4.0.4.LTS\lib\armv6m-ti-none-eabi\c\</path>
         <kind>archive</kind>
         <file>libc.a</file>
         <name>copy_decompress_none.c.obj</name>
      </input_file>
      <input_file id="fl-3d">
         <path>E:\TI\ccs\tools\compiler\ti-cgt-armllvm_4.0.4.LTS\lib\armv6m-ti-none-eabi\c\</path>
         <kind>archive</kind>
         <file>libc.a</file>
         <name>copy_decompress_lzss.c.obj</name>
      </input_file>
      <input_file id="fl-3e">
         <path>E:\TI\ccs\tools\compiler\ti-cgt-armllvm_4.0.4.LTS\lib\armv6m-ti-none-eabi\c\</path>
         <kind>archive</kind>
         <file>libc.a</file>
         <name>_scanfi.c.obj</name>
      </input_file>
      <input_file id="fl-3f">
         <path>E:\TI\ccs\tools\compiler\ti-cgt-armllvm_4.0.4.LTS\lib\armv6m-ti-none-eabi\c\</path>
         <kind>archive</kind>
         <file>libc.a</file>
         <name>exit.c.obj</name>
      </input_file>
      <input_file id="fl-40">
         <path>E:\TI\ccs\tools\compiler\ti-cgt-armllvm_4.0.4.LTS\lib\armv6m-ti-none-eabi\c\</path>
         <kind>archive</kind>
         <file>libc.a</file>
         <name>_lock.c.obj</name>
      </input_file>
      <input_file id="fl-41">
         <path>E:\TI\ccs\tools\compiler\ti-cgt-armllvm_4.0.4.LTS\lib\armv6m-ti-none-eabi\c\</path>
         <kind>archive</kind>
         <file>libc.a</file>
         <name>args_main.c.obj</name>
      </input_file>
      <input_file id="fl-42">
         <path>E:\TI\ccs\tools\compiler\ti-cgt-armllvm_4.0.4.LTS\lib\armv6m-ti-none-eabi\c\</path>
         <kind>archive</kind>
         <file>libc.a</file>
         <name>atoi.c.obj</name>
      </input_file>
      <input_file id="fl-43">
         <path>E:\TI\ccs\tools\compiler\ti-cgt-armllvm_4.0.4.LTS\lib\armv6m-ti-none-eabi\c\</path>
         <kind>archive</kind>
         <file>libc.a</file>
         <name>strtod.c.obj</name>
      </input_file>
      <input_file id="fl-44">
         <path>E:\TI\ccs\tools\compiler\ti-cgt-armllvm_4.0.4.LTS\lib\armv6m-ti-none-eabi\c\</path>
         <kind>archive</kind>
         <file>libc.a</file>
         <name>strtol.c.obj</name>
      </input_file>
      <input_file id="fl-45">
         <path>E:\TI\ccs\tools\compiler\ti-cgt-armllvm_4.0.4.LTS\lib\armv6m-ti-none-eabi\c\</path>
         <kind>archive</kind>
         <file>libc.a</file>
         <name>strtoll.c.obj</name>
      </input_file>
      <input_file id="fl-46">
         <path>E:\TI\ccs\tools\compiler\ti-cgt-armllvm_4.0.4.LTS\lib\armv6m-ti-none-eabi\c\</path>
         <kind>archive</kind>
         <file>libc.a</file>
         <name>strtoul.c.obj</name>
      </input_file>
      <input_file id="fl-47">
         <path>E:\TI\ccs\tools\compiler\ti-cgt-armllvm_4.0.4.LTS\lib\armv6m-ti-none-eabi\c\</path>
         <kind>archive</kind>
         <file>libc.a</file>
         <name>strtoull.c.obj</name>
      </input_file>
      <input_file id="fl-48">
         <path>E:\TI\ccs\tools\compiler\ti-cgt-armllvm_4.0.4.LTS\lib\armv6m-ti-none-eabi\c\</path>
         <kind>archive</kind>
         <file>libc.a</file>
         <name>s_scalbn.c.obj</name>
      </input_file>
      <input_file id="fl-49">
         <path>E:\TI\ccs\tools\compiler\ti-cgt-armllvm_4.0.4.LTS\lib\armv6m-ti-none-eabi\c\</path>
         <kind>archive</kind>
         <file>libc.a</file>
         <name>aeabi_portable.c.obj</name>
      </input_file>
      <input_file id="fl-4a">
         <path>E:\TI\ccs\tools\compiler\ti-cgt-armllvm_4.0.4.LTS\lib\armv6m-ti-none-eabi\c\</path>
         <kind>archive</kind>
         <file>libc.a</file>
         <name>assert.c.obj</name>
      </input_file>
      <input_file id="fl-4b">
         <path>E:\TI\ccs\tools\compiler\ti-cgt-armllvm_4.0.4.LTS\lib\armv6m-ti-none-eabi\c\</path>
         <kind>archive</kind>
         <file>libc.a</file>
         <name>defs.c.obj</name>
      </input_file>
      <input_file id="fl-4c">
         <path>E:\TI\ccs\tools\compiler\ti-cgt-armllvm_4.0.4.LTS\lib\armv6m-ti-none-eabi\c\</path>
         <kind>archive</kind>
         <file>libc.a</file>
         <name>memory.c.obj</name>
      </input_file>
      <input_file id="fl-4d">
         <path>E:\TI\ccs\tools\compiler\ti-cgt-armllvm_4.0.4.LTS\lib\armv6m-ti-none-eabi\c\</path>
         <kind>archive</kind>
         <file>libc.a</file>
         <name>sprintf.c.obj</name>
      </input_file>
      <input_file id="fl-4e">
         <path>E:\TI\ccs\tools\compiler\ti-cgt-armllvm_4.0.4.LTS\lib\armv6m-ti-none-eabi\c\</path>
         <kind>archive</kind>
         <file>libc.a</file>
         <name>fflush.c.obj</name>
      </input_file>
      <input_file id="fl-4f">
         <path>E:\TI\ccs\tools\compiler\ti-cgt-armllvm_4.0.4.LTS\lib\armv6m-ti-none-eabi\c\</path>
         <kind>archive</kind>
         <file>libc.a</file>
         <name>fputs.c.obj</name>
      </input_file>
      <input_file id="fl-50">
         <path>E:\TI\ccs\tools\compiler\ti-cgt-armllvm_4.0.4.LTS\lib\armv6m-ti-none-eabi\c\</path>
         <kind>archive</kind>
         <file>libc.a</file>
         <name>_io_perm.c.obj</name>
      </input_file>
      <input_file id="fl-51">
         <path>E:\TI\ccs\tools\compiler\ti-cgt-armllvm_4.0.4.LTS\lib\armv6m-ti-none-eabi\c\</path>
         <kind>archive</kind>
         <file>libc.a</file>
         <name>setvbuf.c.obj</name>
      </input_file>
      <input_file id="fl-52">
         <path>E:\TI\ccs\tools\compiler\ti-cgt-armllvm_4.0.4.LTS\lib\armv6m-ti-none-eabi\c\</path>
         <kind>archive</kind>
         <file>libc.a</file>
         <name>_printfi.c.obj</name>
      </input_file>
      <input_file id="fl-53">
         <path>E:\TI\ccs\tools\compiler\ti-cgt-armllvm_4.0.4.LTS\lib\armv6m-ti-none-eabi\c\</path>
         <kind>archive</kind>
         <file>libc.a</file>
         <name>fopen.c.obj</name>
      </input_file>
      <input_file id="fl-54">
         <path>E:\TI\ccs\tools\compiler\ti-cgt-armllvm_4.0.4.LTS\lib\armv6m-ti-none-eabi\c\</path>
         <kind>archive</kind>
         <file>libc.a</file>
         <name>fseek.c.obj</name>
      </input_file>
      <input_file id="fl-55">
         <path>E:\TI\ccs\tools\compiler\ti-cgt-armllvm_4.0.4.LTS\lib\armv6m-ti-none-eabi\c\</path>
         <kind>archive</kind>
         <file>libc.a</file>
         <name>_ltoa.c.obj</name>
      </input_file>
      <input_file id="fl-56">
         <path>E:\TI\ccs\tools\compiler\ti-cgt-armllvm_4.0.4.LTS\lib\armv6m-ti-none-eabi\c\</path>
         <kind>archive</kind>
         <file>libc.a</file>
         <name>memccpy.c.obj</name>
      </input_file>
      <input_file id="fl-57">
         <path>E:\TI\ccs\tools\compiler\ti-cgt-armllvm_4.0.4.LTS\lib\armv6m-ti-none-eabi\c\</path>
         <kind>archive</kind>
         <file>libc.a</file>
         <name>s_frexp.c.obj</name>
      </input_file>
      <input_file id="fl-58">
         <path>E:\TI\ccs\tools\compiler\ti-cgt-armllvm_4.0.4.LTS\lib\armv6m-ti-none-eabi\c\</path>
         <kind>archive</kind>
         <file>libc.a</file>
         <name>wcslen.c.obj</name>
      </input_file>
      <input_file id="fl-59">
         <path>E:\TI\ccs\tools\compiler\ti-cgt-armllvm_4.0.4.LTS\lib\armv6m-ti-none-eabi\c\</path>
         <kind>archive</kind>
         <file>libc.a</file>
         <name>fclose.c.obj</name>
      </input_file>
      <input_file id="fl-f9">
         <path>E:\TI\ccs\tools\compiler\ti-cgt-armllvm_4.0.4.LTS\lib\armv6m-ti-none-eabi\c\</path>
         <kind>archive</kind>
         <file>libsysbm.a</file>
         <name>hostexit.c.obj</name>
      </input_file>
      <input_file id="fl-fa">
         <path>E:\TI\ccs\tools\compiler\ti-cgt-armllvm_4.0.4.LTS\lib\armv6m-ti-none-eabi\c\</path>
         <kind>archive</kind>
         <file>libsysbm.a</file>
         <name>write.c.obj</name>
      </input_file>
      <input_file id="fl-fb">
         <path>E:\TI\ccs\tools\compiler\ti-cgt-armllvm_4.0.4.LTS\lib\armv6m-ti-none-eabi\c\</path>
         <kind>archive</kind>
         <file>libsysbm.a</file>
         <name>host_device.c.obj</name>
      </input_file>
      <input_file id="fl-fc">
         <path>E:\TI\ccs\tools\compiler\ti-cgt-armllvm_4.0.4.LTS\lib\armv6m-ti-none-eabi\c\</path>
         <kind>archive</kind>
         <file>libsysbm.a</file>
         <name>remove.c.obj</name>
      </input_file>
      <input_file id="fl-fd">
         <path>E:\TI\ccs\tools\compiler\ti-cgt-armllvm_4.0.4.LTS\lib\armv6m-ti-none-eabi\c\</path>
         <kind>archive</kind>
         <file>libsysbm.a</file>
         <name>open.c.obj</name>
      </input_file>
      <input_file id="fl-fe">
         <path>E:\TI\ccs\tools\compiler\ti-cgt-armllvm_4.0.4.LTS\lib\armv6m-ti-none-eabi\c\</path>
         <kind>archive</kind>
         <file>libsysbm.a</file>
         <name>lseek.c.obj</name>
      </input_file>
      <input_file id="fl-ff">
         <path>E:\TI\ccs\tools\compiler\ti-cgt-armllvm_4.0.4.LTS\lib\armv6m-ti-none-eabi\c\</path>
         <kind>archive</kind>
         <file>libsysbm.a</file>
         <name>close.c.obj</name>
      </input_file>
      <input_file id="fl-100">
         <path>E:\TI\ccs\tools\compiler\ti-cgt-armllvm_4.0.4.LTS\lib\armv6m-ti-none-eabi\c\</path>
         <kind>archive</kind>
         <file>libsysbm.a</file>
         <name>unlink.c.obj</name>
      </input_file>
      <input_file id="fl-101">
         <path>E:\TI\ccs\tools\compiler\ti-cgt-armllvm_4.0.4.LTS\lib\armv6m-ti-none-eabi\c\</path>
         <kind>archive</kind>
         <file>libsysbm.a</file>
         <name>hostclose.c.obj</name>
      </input_file>
      <input_file id="fl-102">
         <path>E:\TI\ccs\tools\compiler\ti-cgt-armllvm_4.0.4.LTS\lib\armv6m-ti-none-eabi\c\</path>
         <kind>archive</kind>
         <file>libsysbm.a</file>
         <name>hostlseek.c.obj</name>
      </input_file>
      <input_file id="fl-103">
         <path>E:\TI\ccs\tools\compiler\ti-cgt-armllvm_4.0.4.LTS\lib\armv6m-ti-none-eabi\c\</path>
         <kind>archive</kind>
         <file>libsysbm.a</file>
         <name>hostopen.c.obj</name>
      </input_file>
      <input_file id="fl-104">
         <path>E:\TI\ccs\tools\compiler\ti-cgt-armllvm_4.0.4.LTS\lib\armv6m-ti-none-eabi\c\</path>
         <kind>archive</kind>
         <file>libsysbm.a</file>
         <name>hostread.c.obj</name>
      </input_file>
      <input_file id="fl-105">
         <path>E:\TI\ccs\tools\compiler\ti-cgt-armllvm_4.0.4.LTS\lib\armv6m-ti-none-eabi\c\</path>
         <kind>archive</kind>
         <file>libsysbm.a</file>
         <name>hostrename.c.obj</name>
      </input_file>
      <input_file id="fl-106">
         <path>E:\TI\ccs\tools\compiler\ti-cgt-armllvm_4.0.4.LTS\lib\armv6m-ti-none-eabi\c\</path>
         <kind>archive</kind>
         <file>libsysbm.a</file>
         <name>hostunlink.c.obj</name>
      </input_file>
      <input_file id="fl-107">
         <path>E:\TI\ccs\tools\compiler\ti-cgt-armllvm_4.0.4.LTS\lib\armv6m-ti-none-eabi\c\</path>
         <kind>archive</kind>
         <file>libsysbm.a</file>
         <name>hostwrite.c.obj</name>
      </input_file>
      <input_file id="fl-108">
         <path>E:\TI\ccs\tools\compiler\ti-cgt-armllvm_4.0.4.LTS\lib\armv6m-ti-none-eabi\c\</path>
         <kind>archive</kind>
         <file>libsysbm.a</file>
         <name>trgmsg.c.obj</name>
      </input_file>
      <input_file id="fl-109">
         <path>E:\TI\ccs\tools\compiler\ti-cgt-armllvm_4.0.4.LTS\lib\armv6m-ti-none-eabi\</path>
         <kind>archive</kind>
         <file>libclang_rt.builtins.a</file>
         <name>addsf3.S.obj</name>
      </input_file>
      <input_file id="fl-10a">
         <path>E:\TI\ccs\tools\compiler\ti-cgt-armllvm_4.0.4.LTS\lib\armv6m-ti-none-eabi\</path>
         <kind>archive</kind>
         <file>libclang_rt.builtins.a</file>
         <name>adddf3.S.obj</name>
      </input_file>
      <input_file id="fl-10b">
         <path>E:\TI\ccs\tools\compiler\ti-cgt-armllvm_4.0.4.LTS\lib\armv6m-ti-none-eabi\</path>
         <kind>archive</kind>
         <file>libclang_rt.builtins.a</file>
         <name>muldf3.S.obj</name>
      </input_file>
      <input_file id="fl-10c">
         <path>E:\TI\ccs\tools\compiler\ti-cgt-armllvm_4.0.4.LTS\lib\armv6m-ti-none-eabi\</path>
         <kind>archive</kind>
         <file>libclang_rt.builtins.a</file>
         <name>muldsi3.S.obj</name>
      </input_file>
      <input_file id="fl-10d">
         <path>E:\TI\ccs\tools\compiler\ti-cgt-armllvm_4.0.4.LTS\lib\armv6m-ti-none-eabi\</path>
         <kind>archive</kind>
         <file>libclang_rt.builtins.a</file>
         <name>mulsf3.S.obj</name>
      </input_file>
      <input_file id="fl-10e">
         <path>E:\TI\ccs\tools\compiler\ti-cgt-armllvm_4.0.4.LTS\lib\armv6m-ti-none-eabi\</path>
         <kind>archive</kind>
         <file>libclang_rt.builtins.a</file>
         <name>divsf3.S.obj</name>
      </input_file>
      <input_file id="fl-10f">
         <path>E:\TI\ccs\tools\compiler\ti-cgt-armllvm_4.0.4.LTS\lib\armv6m-ti-none-eabi\</path>
         <kind>archive</kind>
         <file>libclang_rt.builtins.a</file>
         <name>divdf3.S.obj</name>
      </input_file>
      <input_file id="fl-110">
         <path>E:\TI\ccs\tools\compiler\ti-cgt-armllvm_4.0.4.LTS\lib\armv6m-ti-none-eabi\</path>
         <kind>archive</kind>
         <file>libclang_rt.builtins.a</file>
         <name>extendsfdf2.S.obj</name>
      </input_file>
      <input_file id="fl-111">
         <path>E:\TI\ccs\tools\compiler\ti-cgt-armllvm_4.0.4.LTS\lib\armv6m-ti-none-eabi\</path>
         <kind>archive</kind>
         <file>libclang_rt.builtins.a</file>
         <name>fixdfsi.S.obj</name>
      </input_file>
      <input_file id="fl-112">
         <path>E:\TI\ccs\tools\compiler\ti-cgt-armllvm_4.0.4.LTS\lib\armv6m-ti-none-eabi\</path>
         <kind>archive</kind>
         <file>libclang_rt.builtins.a</file>
         <name>fixsfsi.S.obj</name>
      </input_file>
      <input_file id="fl-113">
         <path>E:\TI\ccs\tools\compiler\ti-cgt-armllvm_4.0.4.LTS\lib\armv6m-ti-none-eabi\</path>
         <kind>archive</kind>
         <file>libclang_rt.builtins.a</file>
         <name>floatsidf.S.obj</name>
      </input_file>
      <input_file id="fl-114">
         <path>E:\TI\ccs\tools\compiler\ti-cgt-armllvm_4.0.4.LTS\lib\armv6m-ti-none-eabi\</path>
         <kind>archive</kind>
         <file>libclang_rt.builtins.a</file>
         <name>floatsisf.S.obj</name>
      </input_file>
      <input_file id="fl-115">
         <path>E:\TI\ccs\tools\compiler\ti-cgt-armllvm_4.0.4.LTS\lib\armv6m-ti-none-eabi\</path>
         <kind>archive</kind>
         <file>libclang_rt.builtins.a</file>
         <name>floatunsisf.S.obj</name>
      </input_file>
      <input_file id="fl-116">
         <path>E:\TI\ccs\tools\compiler\ti-cgt-armllvm_4.0.4.LTS\lib\armv6m-ti-none-eabi\</path>
         <kind>archive</kind>
         <file>libclang_rt.builtins.a</file>
         <name>muldi3.S.obj</name>
      </input_file>
      <input_file id="fl-117">
         <path>E:\TI\ccs\tools\compiler\ti-cgt-armllvm_4.0.4.LTS\lib\armv6m-ti-none-eabi\</path>
         <kind>archive</kind>
         <file>libclang_rt.builtins.a</file>
         <name>truncdfsf2.S.obj</name>
      </input_file>
      <input_file id="fl-118">
         <path>E:\TI\ccs\tools\compiler\ti-cgt-armllvm_4.0.4.LTS\lib\armv6m-ti-none-eabi\</path>
         <kind>archive</kind>
         <file>libclang_rt.builtins.a</file>
         <name>aeabi_dcmp.S.obj</name>
      </input_file>
      <input_file id="fl-119">
         <path>E:\TI\ccs\tools\compiler\ti-cgt-armllvm_4.0.4.LTS\lib\armv6m-ti-none-eabi\</path>
         <kind>archive</kind>
         <file>libclang_rt.builtins.a</file>
         <name>aeabi_fcmp.S.obj</name>
      </input_file>
      <input_file id="fl-11a">
         <path>E:\TI\ccs\tools\compiler\ti-cgt-armllvm_4.0.4.LTS\lib\armv6m-ti-none-eabi\</path>
         <kind>archive</kind>
         <file>libclang_rt.builtins.a</file>
         <name>aeabi_idivmod.S.obj</name>
      </input_file>
      <input_file id="fl-11b">
         <path>E:\TI\ccs\tools\compiler\ti-cgt-armllvm_4.0.4.LTS\lib\armv6m-ti-none-eabi\</path>
         <kind>archive</kind>
         <file>libclang_rt.builtins.a</file>
         <name>aeabi_memcpy.S.obj</name>
      </input_file>
      <input_file id="fl-11c">
         <path>E:\TI\ccs\tools\compiler\ti-cgt-armllvm_4.0.4.LTS\lib\armv6m-ti-none-eabi\</path>
         <kind>archive</kind>
         <file>libclang_rt.builtins.a</file>
         <name>aeabi_memset.S.obj</name>
      </input_file>
      <input_file id="fl-11d">
         <path>E:\TI\ccs\tools\compiler\ti-cgt-armllvm_4.0.4.LTS\lib\armv6m-ti-none-eabi\</path>
         <kind>archive</kind>
         <file>libclang_rt.builtins.a</file>
         <name>aeabi_uidivmod.S.obj</name>
      </input_file>
      <input_file id="fl-11e">
         <path>E:\TI\ccs\tools\compiler\ti-cgt-armllvm_4.0.4.LTS\lib\armv6m-ti-none-eabi\</path>
         <kind>archive</kind>
         <file>libclang_rt.builtins.a</file>
         <name>aeabi_uldivmod.S.obj</name>
      </input_file>
      <input_file id="fl-11f">
         <path>E:\TI\ccs\tools\compiler\ti-cgt-armllvm_4.0.4.LTS\lib\armv6m-ti-none-eabi\</path>
         <kind>archive</kind>
         <file>libclang_rt.builtins.a</file>
         <name>comparesf2.S.obj</name>
      </input_file>
      <input_file id="fl-120">
         <path>E:\TI\ccs\tools\compiler\ti-cgt-armllvm_4.0.4.LTS\lib\armv6m-ti-none-eabi\</path>
         <kind>archive</kind>
         <file>libclang_rt.builtins.a</file>
         <name>udivmoddi4.S.obj</name>
      </input_file>
      <input_file id="fl-121">
         <path>E:\TI\ccs\tools\compiler\ti-cgt-armllvm_4.0.4.LTS\lib\armv6m-ti-none-eabi\</path>
         <kind>archive</kind>
         <file>libclang_rt.builtins.a</file>
         <name>ashldi3.S.obj</name>
      </input_file>
      <input_file id="fl-122">
         <path>E:\TI\ccs\tools\compiler\ti-cgt-armllvm_4.0.4.LTS\lib\armv6m-ti-none-eabi\</path>
         <kind>archive</kind>
         <file>libclang_rt.builtins.a</file>
         <name>comparedf2.c.obj</name>
      </input_file>
      <input_file id="fl-123">
         <path>E:\TI\ccs\tools\compiler\ti-cgt-armllvm_4.0.4.LTS\lib\armv6m-ti-none-eabi\</path>
         <kind>archive</kind>
         <file>libclang_rt.builtins.a</file>
         <name>aeabi_div0.c.obj</name>
      </input_file>
      <input_file id="fl-124">
         <path>E:\TI\ccs\tools\compiler\ti-cgt-armllvm_4.0.4.LTS\lib\armv6m-ti-none-eabi\c\</path>
         <kind>archive</kind>
         <file>libc.a</file>
         <name>getdevice.c.obj</name>
      </input_file>
      <input_file id="fl-125">
         <path>E:\TI\ccs\tools\compiler\ti-cgt-armllvm_4.0.4.LTS\lib\armv6m-ti-none-eabi\c\</path>
         <kind>archive</kind>
         <file>libc.a</file>
         <name>memcpy16.S.obj</name>
      </input_file>
      <input_file id="fl-126">
         <path>E:\TI\ccs\tools\compiler\ti-cgt-armllvm_4.0.4.LTS\lib\armv6m-ti-none-eabi\c\</path>
         <kind>archive</kind>
         <file>libc.a</file>
         <name>memset16.S.obj</name>
      </input_file>
      <input_file id="fl-127">
         <path>E:\TI\ccs\tools\compiler\ti-cgt-armllvm_4.0.4.LTS\lib\armv6m-ti-none-eabi\c\</path>
         <kind>archive</kind>
         <file>libc.a</file>
         <name>strcmp-armv6m.S.obj</name>
      </input_file>
   </input_file_list>
   <object_component_list>
      <object_component id="oc-18">
         <name>.intvecs</name>
         <load_address>0x0</load_address>
         <readonly>true</readonly>
         <run_address>0x0</run_address>
         <size>0xc0</size>
         <alignment>0x4</alignment>
         <input_file_ref idref="fl-4"/>
      </object_component>
      <object_component id="oc-16d">
         <name>.text.OLED_Init</name>
         <load_address>0xc0</load_address>
         <readonly>true</readonly>
         <executable>true</executable>
         <run_address>0xc0</run_address>
         <size>0x15f4</size>
         <alignment>0x4</alignment>
         <input_file_ref idref="fl-c"/>
      </object_component>
      <object_component id="oc-19d">
         <name>.text.__TI_scanfi</name>
         <load_address>0x16b4</load_address>
         <readonly>true</readonly>
         <executable>true</executable>
         <run_address>0x16b4</run_address>
         <size>0xbdc</size>
         <alignment>0x4</alignment>
         <input_file_ref idref="fl-3e"/>
      </object_component>
      <object_component id="oc-17d">
         <name>.text.OLED_Clear</name>
         <load_address>0x2290</load_address>
         <readonly>true</readonly>
         <executable>true</executable>
         <run_address>0x2290</run_address>
         <size>0xa90</size>
         <alignment>0x4</alignment>
         <input_file_ref idref="fl-c"/>
      </object_component>
      <object_component id="oc-17f">
         <name>.text.OLED_ShowNum</name>
         <load_address>0x2d20</load_address>
         <readonly>true</readonly>
         <executable>true</executable>
         <run_address>0x2d20</run_address>
         <size>0x490</size>
         <alignment>0x4</alignment>
         <input_file_ref idref="fl-c"/>
      </object_component>
      <object_component id="oc-b8">
         <name>.text.main</name>
         <load_address>0x31b0</load_address>
         <readonly>true</readonly>
         <executable>true</executable>
         <run_address>0x31b0</run_address>
         <size>0x484</size>
         <alignment>0x4</alignment>
         <input_file_ref idref="fl-2"/>
      </object_component>
      <object_component id="oc-200">
         <name>.text.strtod</name>
         <load_address>0x3634</load_address>
         <readonly>true</readonly>
         <executable>true</executable>
         <run_address>0x3634</run_address>
         <size>0x3b8</size>
         <alignment>0x4</alignment>
         <input_file_ref idref="fl-43"/>
      </object_component>
      <object_component id="oc-119">
         <name>.text.Gray_Task_Loop</name>
         <load_address>0x39ec</load_address>
         <readonly>true</readonly>
         <executable>true</executable>
         <run_address>0x39ec</run_address>
         <size>0x378</size>
         <alignment>0x4</alignment>
         <input_file_ref idref="fl-9"/>
      </object_component>
      <object_component id="oc-102">
         <name>.text.Button_UpdateDisplay</name>
         <load_address>0x3d64</load_address>
         <readonly>true</readonly>
         <executable>true</executable>
         <run_address>0x3d64</run_address>
         <size>0x328</size>
         <alignment>0x4</alignment>
         <input_file_ref idref="fl-1"/>
      </object_component>
      <object_component id="oc-10d">
         <name>.text.Track_Update</name>
         <load_address>0x408c</load_address>
         <readonly>true</readonly>
         <executable>true</executable>
         <run_address>0x408c</run_address>
         <size>0x26c</size>
         <alignment>0x4</alignment>
         <input_file_ref idref="fl-6"/>
      </object_component>
      <object_component id="oc-17e">
         <name>.text.OLED_ShowString</name>
         <load_address>0x42f8</load_address>
         <readonly>true</readonly>
         <executable>true</executable>
         <run_address>0x42f8</run_address>
         <size>0x260</size>
         <alignment>0x4</alignment>
         <input_file_ref idref="fl-c"/>
      </object_component>
      <object_component id="oc-180">
         <name>.text.OLED_Refresh</name>
         <load_address>0x4558</load_address>
         <readonly>true</readonly>
         <executable>true</executable>
         <run_address>0x4558</run_address>
         <size>0x250</size>
         <alignment>0x4</alignment>
         <input_file_ref idref="fl-c"/>
      </object_component>
      <object_component id="oc-100">
         <name>.text.Button_Task</name>
         <load_address>0x47a8</load_address>
         <readonly>true</readonly>
         <executable>true</executable>
         <run_address>0x47a8</run_address>
         <size>0x1f0</size>
         <alignment>0x4</alignment>
         <input_file_ref idref="fl-1"/>
      </object_component>
      <object_component id="oc-213">
         <name>.text.strtoll</name>
         <load_address>0x4998</load_address>
         <readonly>true</readonly>
         <executable>true</executable>
         <run_address>0x4998</run_address>
         <size>0x1e0</size>
         <alignment>0x4</alignment>
         <input_file_ref idref="fl-45"/>
      </object_component>
      <object_component id="oc-41">
         <name>.text.TIMA1_IRQHandler</name>
         <load_address>0x4b78</load_address>
         <readonly>true</readonly>
         <executable>true</executable>
         <run_address>0x4b78</run_address>
         <size>0x1b0</size>
         <alignment>0x4</alignment>
         <input_file_ref idref="fl-b"/>
      </object_component>
      <object_component id="oc-236">
         <name>.text.adddf3_subdf3</name>
         <load_address>0x4d28</load_address>
         <readonly>true</readonly>
         <executable>true</executable>
         <run_address>0x4d28</run_address>
         <size>0x192</size>
         <alignment>0x4</alignment>
         <input_file_ref idref="fl-10a"/>
      </object_component>
      <object_component id="oc-33">
         <name>.text.Default_Handler</name>
         <load_address>0x4eba</load_address>
         <readonly>true</readonly>
         <executable>true</executable>
         <run_address>0x4eba</run_address>
         <size>0x2</size>
         <alignment>0x2</alignment>
         <input_file_ref idref="fl-4"/>
      </object_component>
      <object_component id="oc-20f">
         <name>.text.strtoull</name>
         <load_address>0x4ebc</load_address>
         <readonly>true</readonly>
         <executable>true</executable>
         <run_address>0x4ebc</run_address>
         <size>0x16c</size>
         <alignment>0x4</alignment>
         <input_file_ref idref="fl-47"/>
      </object_component>
      <object_component id="oc-20b">
         <name>.text.strtol</name>
         <load_address>0x5028</load_address>
         <readonly>true</readonly>
         <executable>true</executable>
         <run_address>0x5028</run_address>
         <size>0x144</size>
         <alignment>0x4</alignment>
         <input_file_ref idref="fl-44"/>
      </object_component>
      <object_component id="oc-207">
         <name>.text.strtoul</name>
         <load_address>0x516c</load_address>
         <readonly>true</readonly>
         <executable>true</executable>
         <run_address>0x516c</run_address>
         <size>0x12c</size>
         <alignment>0x4</alignment>
         <input_file_ref idref="fl-46"/>
      </object_component>
      <object_component id="oc-11b">
         <name>.text.Gray_Calc_Track_Error</name>
         <load_address>0x5298</load_address>
         <readonly>true</readonly>
         <executable>true</executable>
         <run_address>0x5298</run_address>
         <size>0x128</size>
         <alignment>0x4</alignment>
         <input_file_ref idref="fl-9"/>
      </object_component>
      <object_component id="oc-14e">
         <name>.text.SYSCFG_DL_GPIO_init</name>
         <load_address>0x53c0</load_address>
         <readonly>true</readonly>
         <executable>true</executable>
         <run_address>0x53c0</run_address>
         <size>0x120</size>
         <alignment>0x4</alignment>
         <input_file_ref idref="fl-3"/>
      </object_component>
      <object_component id="oc-247">
         <name>.text.__divdf3</name>
         <load_address>0x54e0</load_address>
         <readonly>true</readonly>
         <executable>true</executable>
         <run_address>0x54e0</run_address>
         <size>0x10c</size>
         <alignment>0x4</alignment>
         <input_file_ref idref="fl-10f"/>
      </object_component>
      <object_component id="oc-1ca">
         <name>.text.DL_Timer_initFourCCPWMMode</name>
         <load_address>0x55ec</load_address>
         <readonly>true</readonly>
         <executable>true</executable>
         <run_address>0x55ec</run_address>
         <size>0x104</size>
         <alignment>0x4</alignment>
         <input_file_ref idref="fl-1c"/>
      </object_component>
      <object_component id="oc-1d1">
         <name>.text.DL_Timer_initTimerMode</name>
         <load_address>0x56f0</load_address>
         <readonly>true</readonly>
         <executable>true</executable>
         <run_address>0x56f0</run_address>
         <size>0xfc</size>
         <alignment>0x4</alignment>
         <input_file_ref idref="fl-1c"/>
      </object_component>
      <object_component id="oc-11a">
         <name>.text.Button_OnCorner</name>
         <load_address>0x57ec</load_address>
         <readonly>true</readonly>
         <executable>true</executable>
         <run_address>0x57ec</run_address>
         <size>0xe8</size>
         <alignment>0x4</alignment>
         <input_file_ref idref="fl-1"/>
      </object_component>
      <object_component id="oc-81">
         <name>.text.__muldf3</name>
         <load_address>0x58d4</load_address>
         <readonly>true</readonly>
         <executable>true</executable>
         <run_address>0x58d4</run_address>
         <size>0xe4</size>
         <alignment>0x4</alignment>
         <input_file_ref idref="fl-10b"/>
      </object_component>
      <object_component id="oc-243">
         <name>.text.scalbn</name>
         <load_address>0x59b8</load_address>
         <readonly>true</readonly>
         <executable>true</executable>
         <run_address>0x59b8</run_address>
         <size>0xd8</size>
         <alignment>0x4</alignment>
         <input_file_ref idref="fl-48"/>
      </object_component>
      <object_component id="oc-89">
         <name>.text</name>
         <load_address>0x5a90</load_address>
         <readonly>true</readonly>
         <executable>true</executable>
         <run_address>0x5a90</run_address>
         <size>0xd8</size>
         <alignment>0x4</alignment>
         <input_file_ref idref="fl-109"/>
      </object_component>
      <object_component id="oc-1a8">
         <name>.text.Servo_SetBoth</name>
         <load_address>0x5b68</load_address>
         <readonly>true</readonly>
         <executable>true</executable>
         <run_address>0x5b68</run_address>
         <size>0xbc</size>
         <alignment>0x4</alignment>
         <input_file_ref idref="fl-5"/>
      </object_component>
      <object_component id="oc-27c">
         <name>.text</name>
         <load_address>0x5c24</load_address>
         <readonly>true</readonly>
         <executable>true</executable>
         <run_address>0x5c24</run_address>
         <size>0xa2</size>
         <alignment>0x4</alignment>
         <input_file_ref idref="fl-120"/>
      </object_component>
      <object_component id="oc-de">
         <name>.text:memcpy</name>
         <load_address>0x5cc6</load_address>
         <readonly>true</readonly>
         <executable>true</executable>
         <run_address>0x5cc6</run_address>
         <size>0x9a</size>
         <alignment>0x1</alignment>
         <input_file_ref idref="fl-125"/>
      </object_component>
      <object_component id="oc-3a">
         <name>.text.UART0_IRQHandler</name>
         <load_address>0x5d60</load_address>
         <readonly>true</readonly>
         <executable>true</executable>
         <run_address>0x5d60</run_address>
         <size>0x98</size>
         <alignment>0x4</alignment>
         <input_file_ref idref="fl-7"/>
      </object_component>
      <object_component id="oc-151">
         <name>.text.SYSCFG_DL_PWM_0_init</name>
         <load_address>0x5df8</load_address>
         <readonly>true</readonly>
         <executable>true</executable>
         <run_address>0x5df8</run_address>
         <size>0x94</size>
         <alignment>0x4</alignment>
         <input_file_ref idref="fl-3"/>
      </object_component>
      <object_component id="oc-150">
         <name>.text.SYSCFG_DL_PWMA_init</name>
         <load_address>0x5e8c</load_address>
         <readonly>true</readonly>
         <executable>true</executable>
         <run_address>0x5e8c</run_address>
         <size>0x8c</size>
         <alignment>0x4</alignment>
         <input_file_ref idref="fl-3"/>
      </object_component>
      <object_component id="oc-155">
         <name>.text.SYSCFG_DL_UART_0_init</name>
         <load_address>0x5f18</load_address>
         <readonly>true</readonly>
         <executable>true</executable>
         <run_address>0x5f18</run_address>
         <size>0x8c</size>
         <alignment>0x4</alignment>
         <input_file_ref idref="fl-3"/>
      </object_component>
      <object_component id="oc-8d">
         <name>.text.__mulsf3</name>
         <load_address>0x5fa4</load_address>
         <readonly>true</readonly>
         <executable>true</executable>
         <run_address>0x5fa4</run_address>
         <size>0x8c</size>
         <alignment>0x4</alignment>
         <input_file_ref idref="fl-10d"/>
      </object_component>
      <object_component id="oc-79">
         <name>.text.__divsf3</name>
         <load_address>0x6030</load_address>
         <readonly>true</readonly>
         <executable>true</executable>
         <run_address>0x6030</run_address>
         <size>0x82</size>
         <alignment>0x4</alignment>
         <input_file_ref idref="fl-10e"/>
      </object_component>
      <object_component id="oc-229">
         <name>.text.__aeabi_idiv0</name>
         <load_address>0x60b2</load_address>
         <readonly>true</readonly>
         <executable>true</executable>
         <run_address>0x60b2</run_address>
         <size>0x2</size>
         <alignment>0x2</alignment>
         <input_file_ref idref="fl-123"/>
      </object_component>
      <object_component id="oc-120">
         <name>.text.motor_set_direction</name>
         <load_address>0x60b4</load_address>
         <readonly>true</readonly>
         <executable>true</executable>
         <run_address>0x60b4</run_address>
         <size>0x80</size>
         <alignment>0x4</alignment>
         <input_file_ref idref="fl-b"/>
      </object_component>
      <object_component id="oc-110">
         <name>.text.Servo_SetAngle</name>
         <load_address>0x6134</load_address>
         <readonly>true</readonly>
         <executable>true</executable>
         <run_address>0x6134</run_address>
         <size>0x7c</size>
         <alignment>0x4</alignment>
         <input_file_ref idref="fl-5"/>
      </object_component>
      <object_component id="oc-1c">
         <name>.text:decompress:lzss</name>
         <load_address>0x61b0</load_address>
         <readonly>true</readonly>
         <executable>true</executable>
         <run_address>0x61b0</run_address>
         <size>0x7c</size>
         <alignment>0x4</alignment>
         <input_file_ref idref="fl-3d"/>
      </object_component>
      <object_component id="oc-271">
         <name>.text.__gedf2</name>
         <load_address>0x622c</load_address>
         <readonly>true</readonly>
         <executable>true</executable>
         <run_address>0x622c</run_address>
         <size>0x74</size>
         <alignment>0x4</alignment>
         <input_file_ref idref="fl-122"/>
      </object_component>
      <object_component id="oc-85">
         <name>.text.__truncdfsf2</name>
         <load_address>0x62a0</load_address>
         <readonly>true</readonly>
         <executable>true</executable>
         <run_address>0x62a0</run_address>
         <size>0x74</size>
         <alignment>0x10</alignment>
         <input_file_ref idref="fl-117"/>
      </object_component>
      <object_component id="oc-1a5">
         <name>.text._chkmbc</name>
         <load_address>0x6314</load_address>
         <readonly>true</readonly>
         <executable>true</executable>
         <run_address>0x6314</run_address>
         <size>0x74</size>
         <alignment>0x4</alignment>
         <input_file_ref idref="fl-34"/>
      </object_component>
      <object_component id="oc-14c">
         <name>.text.SYSCFG_DL_initPower</name>
         <load_address>0x6388</load_address>
         <readonly>true</readonly>
         <executable>true</executable>
         <run_address>0x6388</run_address>
         <size>0x70</size>
         <alignment>0x4</alignment>
         <input_file_ref idref="fl-3"/>
      </object_component>
      <object_component id="oc-26b">
         <name>.text.__ledf2</name>
         <load_address>0x63f8</load_address>
         <readonly>true</readonly>
         <executable>true</executable>
         <run_address>0x63f8</run_address>
         <size>0x68</size>
         <alignment>0x4</alignment>
         <input_file_ref idref="fl-122"/>
      </object_component>
      <object_component id="oc-e8">
         <name>.text.motor_init</name>
         <load_address>0x6460</load_address>
         <readonly>true</readonly>
         <executable>true</executable>
         <run_address>0x6460</run_address>
         <size>0x68</size>
         <alignment>0x4</alignment>
         <input_file_ref idref="fl-b"/>
      </object_component>
      <object_component id="oc-23a">
         <name>.text.__aeabi_dcmp</name>
         <load_address>0x64c8</load_address>
         <readonly>true</readonly>
         <executable>true</executable>
         <run_address>0x64c8</run_address>
         <size>0x62</size>
         <alignment>0x4</alignment>
         <input_file_ref idref="fl-118"/>
      </object_component>
      <object_component id="oc-283">
         <name>.text.__aeabi_ldiv0</name>
         <load_address>0x652a</load_address>
         <readonly>true</readonly>
         <executable>true</executable>
         <run_address>0x652a</run_address>
         <size>0x2</size>
         <alignment>0x2</alignment>
         <input_file_ref idref="fl-123"/>
      </object_component>
      <object_component id="oc-113">
         <name>.text.__aeabi_fcmp</name>
         <load_address>0x652c</load_address>
         <readonly>true</readonly>
         <executable>true</executable>
         <run_address>0x652c</run_address>
         <size>0x62</size>
         <alignment>0x4</alignment>
         <input_file_ref idref="fl-119"/>
      </object_component>
      <object_component id="oc-14b">
         <name>.text:memset</name>
         <load_address>0x658e</load_address>
         <readonly>true</readonly>
         <executable>true</executable>
         <run_address>0x658e</run_address>
         <size>0x62</size>
         <alignment>0x1</alignment>
         <input_file_ref idref="fl-126"/>
      </object_component>
      <object_component id="oc-1e9">
         <name>.text.DL_I2C_fillControllerTXFIFO</name>
         <load_address>0x65f0</load_address>
         <readonly>true</readonly>
         <executable>true</executable>
         <run_address>0x65f0</run_address>
         <size>0x5e</size>
         <alignment>0x2</alignment>
         <input_file_ref idref="fl-1b"/>
      </object_component>
      <object_component id="oc-154">
         <name>.text.SYSCFG_DL_OLED_init</name>
         <load_address>0x6650</load_address>
         <readonly>true</readonly>
         <executable>true</executable>
         <run_address>0x6650</run_address>
         <size>0x54</size>
         <alignment>0x4</alignment>
         <input_file_ref idref="fl-3"/>
      </object_component>
      <object_component id="oc-e3">
         <name>.text.SYSCFG_DL_init</name>
         <load_address>0x66a4</load_address>
         <readonly>true</readonly>
         <executable>true</executable>
         <run_address>0x66a4</run_address>
         <size>0x4c</size>
         <alignment>0x4</alignment>
         <input_file_ref idref="fl-3"/>
      </object_component>
      <object_component id="oc-1e3">
         <name>.text.DL_UART_init</name>
         <load_address>0x66f0</load_address>
         <readonly>true</readonly>
         <executable>true</executable>
         <run_address>0x66f0</run_address>
         <size>0x48</size>
         <alignment>0x4</alignment>
         <input_file_ref idref="fl-1d"/>
      </object_component>
      <object_component id="oc-14f">
         <name>.text.SYSCFG_DL_SYSCTL_init</name>
         <load_address>0x6738</load_address>
         <readonly>true</readonly>
         <executable>true</executable>
         <run_address>0x6738</run_address>
         <size>0x40</size>
         <alignment>0x4</alignment>
         <input_file_ref idref="fl-3"/>
      </object_component>
      <object_component id="oc-112">
         <name>.text.Track_SyncAngleX</name>
         <load_address>0x6778</load_address>
         <readonly>true</readonly>
         <executable>true</executable>
         <run_address>0x6778</run_address>
         <size>0x40</size>
         <alignment>0x4</alignment>
         <input_file_ref idref="fl-6"/>
      </object_component>
      <object_component id="oc-1f0">
         <name>.text.__aeabi_uidivmod</name>
         <load_address>0x67b8</load_address>
         <readonly>true</readonly>
         <executable>true</executable>
         <run_address>0x67b8</run_address>
         <size>0x40</size>
         <alignment>0x4</alignment>
         <input_file_ref idref="fl-11d"/>
      </object_component>
      <object_component id="oc-7d">
         <name>.text.__extendsfdf2</name>
         <load_address>0x67f8</load_address>
         <readonly>true</readonly>
         <executable>true</executable>
         <run_address>0x67f8</run_address>
         <size>0x40</size>
         <alignment>0x4</alignment>
         <input_file_ref idref="fl-110"/>
      </object_component>
      <object_component id="oc-1f6">
         <name>.text.atoi</name>
         <load_address>0x6838</load_address>
         <readonly>true</readonly>
         <executable>true</executable>
         <run_address>0x6838</run_address>
         <size>0x40</size>
         <alignment>0x4</alignment>
         <input_file_ref idref="fl-42"/>
      </object_component>
      <object_component id="oc-152">
         <name>.text.SYSCFG_DL_MOTOR_PID_init</name>
         <load_address>0x6878</load_address>
         <readonly>true</readonly>
         <executable>true</executable>
         <run_address>0x6878</run_address>
         <size>0x3c</size>
         <alignment>0x4</alignment>
         <input_file_ref idref="fl-3"/>
      </object_component>
      <object_component id="oc-153">
         <name>.text.SYSCFG_DL_interrupt_init</name>
         <load_address>0x68b4</load_address>
         <readonly>true</readonly>
         <executable>true</executable>
         <run_address>0x68b4</run_address>
         <size>0x3c</size>
         <alignment>0x4</alignment>
         <input_file_ref idref="fl-3"/>
      </object_component>
      <object_component id="oc-11c">
         <name>.text.__floatsisf</name>
         <load_address>0x68f0</load_address>
         <readonly>true</readonly>
         <executable>true</executable>
         <run_address>0x68f0</run_address>
         <size>0x3c</size>
         <alignment>0x4</alignment>
         <input_file_ref idref="fl-114"/>
      </object_component>
      <object_component id="oc-1af">
         <name>.text.__gtsf2</name>
         <load_address>0x692c</load_address>
         <readonly>true</readonly>
         <executable>true</executable>
         <run_address>0x692c</run_address>
         <size>0x3c</size>
         <alignment>0x4</alignment>
         <input_file_ref idref="fl-11f"/>
      </object_component>
      <object_component id="oc-132">
         <name>.text:__TI_auto_init_nobinit_nopinit</name>
         <load_address>0x6968</load_address>
         <readonly>true</readonly>
         <executable>true</executable>
         <run_address>0x6968</run_address>
         <size>0x3c</size>
         <alignment>0x4</alignment>
         <input_file_ref idref="fl-38"/>
      </object_component>
      <object_component id="oc-1aa">
         <name>.text.__eqsf2</name>
         <load_address>0x69a4</load_address>
         <readonly>true</readonly>
         <executable>true</executable>
         <run_address>0x69a4</run_address>
         <size>0x3a</size>
         <alignment>0x4</alignment>
         <input_file_ref idref="fl-11f"/>
      </object_component>
      <object_component id="oc-ce">
         <name>.text.__muldsi3</name>
         <load_address>0x69e0</load_address>
         <readonly>true</readonly>
         <executable>true</executable>
         <run_address>0x69e0</run_address>
         <size>0x3a</size>
         <alignment>0x4</alignment>
         <input_file_ref idref="fl-10c"/>
      </object_component>
      <object_component id="oc-39">
         <name>.text.GROUP1_IRQHandler</name>
         <load_address>0x6a1c</load_address>
         <readonly>true</readonly>
         <executable>true</executable>
         <run_address>0x6a1c</run_address>
         <size>0x38</size>
         <alignment>0x4</alignment>
         <input_file_ref idref="fl-a"/>
      </object_component>
      <object_component id="oc-91">
         <name>.text.__fixsfsi</name>
         <load_address>0x6a54</load_address>
         <readonly>true</readonly>
         <executable>true</executable>
         <run_address>0x6a54</run_address>
         <size>0x38</size>
         <alignment>0x4</alignment>
         <input_file_ref idref="fl-112"/>
      </object_component>
      <object_component id="oc-ec">
         <name>.text.Servo_Init</name>
         <load_address>0x6a8c</load_address>
         <readonly>true</readonly>
         <executable>true</executable>
         <run_address>0x6a8c</run_address>
         <size>0x34</size>
         <alignment>0x4</alignment>
         <input_file_ref idref="fl-5"/>
      </object_component>
      <object_component id="oc-117">
         <name>.text.motor_reset_pid</name>
         <load_address>0x6ac0</load_address>
         <readonly>true</readonly>
         <executable>true</executable>
         <run_address>0x6ac0</run_address>
         <size>0x34</size>
         <alignment>0x4</alignment>
         <input_file_ref idref="fl-b"/>
      </object_component>
      <object_component id="oc-156">
         <name>.text.SYSCFG_DL_SYSTICK_init</name>
         <load_address>0x6af4</load_address>
         <readonly>true</readonly>
         <executable>true</executable>
         <run_address>0x6af4</run_address>
         <size>0x30</size>
         <alignment>0x4</alignment>
         <input_file_ref idref="fl-3"/>
      </object_component>
      <object_component id="oc-f5">
         <name>.text.Track_Init</name>
         <load_address>0x6b24</load_address>
         <readonly>true</readonly>
         <executable>true</executable>
         <run_address>0x6b24</run_address>
         <size>0x30</size>
         <alignment>0x4</alignment>
         <input_file_ref idref="fl-6"/>
      </object_component>
      <object_component id="oc-107">
         <name>.text.sscanf</name>
         <load_address>0x6b54</load_address>
         <readonly>true</readonly>
         <executable>true</executable>
         <run_address>0x6b54</run_address>
         <size>0x30</size>
         <alignment>0x4</alignment>
         <input_file_ref idref="fl-34"/>
      </object_component>
      <object_component id="oc-75">
         <name>.text.__floatunsisf</name>
         <load_address>0x6b84</load_address>
         <readonly>true</readonly>
         <executable>true</executable>
         <run_address>0x6b84</run_address>
         <size>0x28</size>
         <alignment>0x4</alignment>
         <input_file_ref idref="fl-115"/>
      </object_component>
      <object_component id="oc-121">
         <name>.text.motor_set_duty</name>
         <load_address>0x6bac</load_address>
         <readonly>true</readonly>
         <executable>true</executable>
         <run_address>0x6bac</run_address>
         <size>0x28</size>
         <alignment>0x4</alignment>
         <input_file_ref idref="fl-b"/>
      </object_component>
      <object_component id="oc-61">
         <name>.text:_c_int00_noargs</name>
         <load_address>0x6bd4</load_address>
         <readonly>true</readonly>
         <executable>true</executable>
         <run_address>0x6bd4</run_address>
         <size>0x28</size>
         <alignment>0x4</alignment>
         <input_file_ref idref="fl-36"/>
      </object_component>
      <object_component id="oc-1d6">
         <name>.text.DL_I2C_setClockConfig</name>
         <load_address>0x6bfc</load_address>
         <readonly>true</readonly>
         <executable>true</executable>
         <run_address>0x6bfc</run_address>
         <size>0x26</size>
         <alignment>0x2</alignment>
         <input_file_ref idref="fl-1b"/>
      </object_component>
      <object_component id="oc-257">
         <name>.text.__muldi3</name>
         <load_address>0x6c24</load_address>
         <readonly>true</readonly>
         <executable>true</executable>
         <run_address>0x6c24</run_address>
         <size>0x24</size>
         <alignment>0x4</alignment>
         <input_file_ref idref="fl-116"/>
      </object_component>
      <object_component id="oc-e9">
         <name>.text.gray_sensor_init</name>
         <load_address>0x6c48</load_address>
         <readonly>true</readonly>
         <executable>true</executable>
         <run_address>0x6c48</run_address>
         <size>0x24</size>
         <alignment>0x4</alignment>
         <input_file_ref idref="fl-9"/>
      </object_component>
      <object_component id="oc-284">
         <name>.text.__ashldi3</name>
         <load_address>0x6c6c</load_address>
         <readonly>true</readonly>
         <executable>true</executable>
         <run_address>0x6c6c</run_address>
         <size>0x1e</size>
         <alignment>0x4</alignment>
         <input_file_ref idref="fl-121"/>
      </object_component>
      <object_component id="oc-fa">
         <name>.text.Button_Init</name>
         <load_address>0x6c8c</load_address>
         <readonly>true</readonly>
         <executable>true</executable>
         <run_address>0x6c8c</run_address>
         <size>0x1c</size>
         <alignment>0x4</alignment>
         <input_file_ref idref="fl-1"/>
      </object_component>
      <object_component id="oc-1cc">
         <name>.text.DL_Timer_setCaptCompUpdateMethod</name>
         <load_address>0x6ca8</load_address>
         <readonly>true</readonly>
         <executable>true</executable>
         <run_address>0x6ca8</run_address>
         <size>0x1c</size>
         <alignment>0x4</alignment>
         <input_file_ref idref="fl-1c"/>
      </object_component>
      <object_component id="oc-1c9">
         <name>.text.DL_Timer_setClockConfig</name>
         <load_address>0x6cc4</load_address>
         <readonly>true</readonly>
         <executable>true</executable>
         <run_address>0x6cc4</run_address>
         <size>0x1c</size>
         <alignment>0x4</alignment>
         <input_file_ref idref="fl-1c"/>
      </object_component>
      <object_component id="oc-40">
         <name>.text.TIMA0_IRQHandler</name>
         <load_address>0x6ce0</load_address>
         <readonly>true</readonly>
         <executable>true</executable>
         <run_address>0x6ce0</run_address>
         <size>0x1c</size>
         <alignment>0x4</alignment>
         <input_file_ref idref="fl-a"/>
      </object_component>
      <object_component id="oc-1cb">
         <name>.text.DL_Timer_setCaptureCompareOutCtl</name>
         <load_address>0x6cfc</load_address>
         <readonly>true</readonly>
         <executable>true</executable>
         <run_address>0x6cfc</run_address>
         <size>0x18</size>
         <alignment>0x4</alignment>
         <input_file_ref idref="fl-1c"/>
      </object_component>
      <object_component id="oc-10f">
         <name>.text.UART_NextLine</name>
         <load_address>0x6d14</load_address>
         <readonly>true</readonly>
         <executable>true</executable>
         <run_address>0x6d14</run_address>
         <size>0x14</size>
         <alignment>0x4</alignment>
         <input_file_ref idref="fl-7"/>
      </object_component>
      <object_component id="oc-25b">
         <name>.text.__aeabi_uldivmod</name>
         <load_address>0x6d28</load_address>
         <readonly>true</readonly>
         <executable>true</executable>
         <run_address>0x6d28</run_address>
         <size>0x14</size>
         <alignment>0x4</alignment>
         <input_file_ref idref="fl-11e"/>
      </object_component>
      <object_component id="oc-1a4">
         <name>.text._inpchar</name>
         <load_address>0x6d3c</load_address>
         <readonly>true</readonly>
         <executable>true</executable>
         <run_address>0x6d3c</run_address>
         <size>0x14</size>
         <alignment>0x2</alignment>
         <input_file_ref idref="fl-34"/>
      </object_component>
      <object_component id="oc-1dd">
         <name>.text.DL_UART_setClockConfig</name>
         <load_address>0x6d50</load_address>
         <readonly>true</readonly>
         <executable>true</executable>
         <run_address>0x6d50</run_address>
         <size>0x12</size>
         <alignment>0x2</alignment>
         <input_file_ref idref="fl-1d"/>
      </object_component>
      <object_component id="oc-20">
         <name>.text:decompress:none</name>
         <load_address>0x6d62</load_address>
         <readonly>true</readonly>
         <executable>true</executable>
         <run_address>0x6d62</run_address>
         <size>0x12</size>
         <alignment>0x2</alignment>
         <input_file_ref idref="fl-3c"/>
      </object_component>
      <object_component id="oc-118">
         <name>.text.Button_SetLapTarget</name>
         <load_address>0x6d74</load_address>
         <readonly>true</readonly>
         <executable>true</executable>
         <run_address>0x6d74</run_address>
         <size>0x10</size>
         <alignment>0x4</alignment>
         <input_file_ref idref="fl-1"/>
      </object_component>
      <object_component id="oc-95">
         <name>.text.DL_Timer_setCaptureCompareValue</name>
         <load_address>0x6d84</load_address>
         <readonly>true</readonly>
         <executable>true</executable>
         <run_address>0x6d84</run_address>
         <size>0x10</size>
         <alignment>0x4</alignment>
         <input_file_ref idref="fl-1c"/>
      </object_component>
      <object_component id="oc-34">
         <name>.text.SysTick_Handler</name>
         <load_address>0x6d94</load_address>
         <readonly>true</readonly>
         <executable>true</executable>
         <run_address>0x6d94</run_address>
         <size>0x10</size>
         <alignment>0x4</alignment>
         <input_file_ref idref="fl-a"/>
      </object_component>
      <object_component id="oc-eb">
         <name>.text.UART_Init</name>
         <load_address>0x6da4</load_address>
         <readonly>true</readonly>
         <executable>true</executable>
         <run_address>0x6da4</run_address>
         <size>0x10</size>
         <alignment>0x4</alignment>
         <input_file_ref idref="fl-7"/>
      </object_component>
      <object_component id="oc-5e">
         <name>.text:decompress:ZI</name>
         <load_address>0x6db4</load_address>
         <readonly>true</readonly>
         <executable>true</executable>
         <run_address>0x6db4</run_address>
         <size>0x10</size>
         <alignment>0x2</alignment>
         <input_file_ref idref="fl-3b"/>
      </object_component>
      <object_component id="oc-1fd">
         <name>.text.OUTLINED_FUNCTION_1</name>
         <load_address>0x6dc4</load_address>
         <readonly>true</readonly>
         <executable>true</executable>
         <run_address>0x6dc4</run_address>
         <size>0xe</size>
         <alignment>0x2</alignment>
         <input_file_ref idref="fl-3e"/>
      </object_component>
      <object_component id="oc-206">
         <name>.text.OUTLINED_FUNCTION_2</name>
         <load_address>0x6dd2</load_address>
         <readonly>true</readonly>
         <executable>true</executable>
         <run_address>0x6dd2</run_address>
         <size>0xe</size>
         <alignment>0x2</alignment>
         <input_file_ref idref="fl-3e"/>
      </object_component>
      <object_component id="oc-1f4">
         <name>.text.OUTLINED_FUNCTION_4</name>
         <load_address>0x6de0</load_address>
         <readonly>true</readonly>
         <executable>true</executable>
         <run_address>0x6de0</run_address>
         <size>0xe</size>
         <alignment>0x2</alignment>
         <input_file_ref idref="fl-3e"/>
      </object_component>
      <object_component id="oc-f1">
         <name>.text.delay_ms</name>
         <load_address>0x6dee</load_address>
         <readonly>true</readonly>
         <executable>true</executable>
         <run_address>0x6dee</run_address>
         <size>0xe</size>
         <alignment>0x2</alignment>
         <input_file_ref idref="fl-8"/>
      </object_component>
      <object_component id="oc-104">
         <name>.text.Button_GetMode</name>
         <load_address>0x6dfc</load_address>
         <readonly>true</readonly>
         <executable>true</executable>
         <run_address>0x6dfc</run_address>
         <size>0xc</size>
         <alignment>0x4</alignment>
         <input_file_ref idref="fl-1"/>
      </object_component>
      <object_component id="oc-103">
         <name>.text.Button_GetState</name>
         <load_address>0x6e08</load_address>
         <readonly>true</readonly>
         <executable>true</executable>
         <run_address>0x6e08</run_address>
         <size>0xc</size>
         <alignment>0x4</alignment>
         <input_file_ref idref="fl-1"/>
      </object_component>
      <object_component id="oc-105">
         <name>.text.UART_LineReady</name>
         <load_address>0x6e14</load_address>
         <readonly>true</readonly>
         <executable>true</executable>
         <run_address>0x6e14</run_address>
         <size>0xc</size>
         <alignment>0x4</alignment>
         <input_file_ref idref="fl-7"/>
      </object_component>
      <object_component id="oc-af">
         <name>.text.__aeabi_memclr</name>
         <load_address>0x6e20</load_address>
         <readonly>true</readonly>
         <executable>true</executable>
         <run_address>0x6e20</run_address>
         <size>0xc</size>
         <alignment>0x4</alignment>
         <input_file_ref idref="fl-11c"/>
      </object_component>
      <object_component id="oc-15e">
         <name>.text.DL_Common_delayCycles</name>
         <load_address>0x6e2c</load_address>
         <readonly>true</readonly>
         <executable>true</executable>
         <run_address>0x6e2c</run_address>
         <size>0xa</size>
         <alignment>0x2</alignment>
         <input_file_ref idref="fl-1a"/>
      </object_component>
      <object_component id="oc-ff">
         <name>.text.Button_OLED_Init</name>
         <load_address>0x6e36</load_address>
         <readonly>true</readonly>
         <executable>true</executable>
         <run_address>0x6e36</run_address>
         <size>0x8</size>
         <alignment>0x2</alignment>
         <input_file_ref idref="fl-1"/>
      </object_component>
      <object_component id="oc-1fc">
         <name>.text.OUTLINED_FUNCTION_0</name>
         <load_address>0x6e3e</load_address>
         <readonly>true</readonly>
         <executable>true</executable>
         <run_address>0x6e3e</run_address>
         <size>0x8</size>
         <alignment>0x2</alignment>
         <input_file_ref idref="fl-3e"/>
      </object_component>
      <object_component id="oc-234">
         <name>.text.OUTLINED_FUNCTION_0</name>
         <load_address>0x6e46</load_address>
         <readonly>true</readonly>
         <executable>true</executable>
         <run_address>0x6e46</run_address>
         <size>0x8</size>
         <alignment>0x2</alignment>
         <input_file_ref idref="fl-43"/>
      </object_component>
      <object_component id="oc-235">
         <name>.text.OUTLINED_FUNCTION_1</name>
         <load_address>0x6e4e</load_address>
         <readonly>true</readonly>
         <executable>true</executable>
         <run_address>0x6e4e</run_address>
         <size>0x8</size>
         <alignment>0x2</alignment>
         <input_file_ref idref="fl-43"/>
      </object_component>
      <object_component id="oc-2cf">
         <name>.tramp.__aeabi_dcmpeq.1</name>
         <load_address>0x6e58</load_address>
         <readonly>true</readonly>
         <executable>true</executable>
         <run_address>0x6e58</run_address>
         <size>0x10</size>
         <alignment>0x4</alignment>
         <input_file_ref idref="fl-118"/>
      </object_component>
      <object_component id="oc-106">
         <name>.text.UART_GetLine</name>
         <load_address>0x6e68</load_address>
         <readonly>true</readonly>
         <executable>true</executable>
         <run_address>0x6e68</run_address>
         <size>0x8</size>
         <alignment>0x4</alignment>
         <input_file_ref idref="fl-7"/>
      </object_component>
      <object_component id="oc-23e">
         <name>.text.__aeabi_errno_addr</name>
         <load_address>0x6e70</load_address>
         <readonly>true</readonly>
         <executable>true</executable>
         <run_address>0x6e70</run_address>
         <size>0x8</size>
         <alignment>0x4</alignment>
         <input_file_ref idref="fl-49"/>
      </object_component>
      <object_component id="oc-51">
         <name>.text.__aeabi_memcpy</name>
         <load_address>0x6e78</load_address>
         <readonly>true</readonly>
         <executable>true</executable>
         <run_address>0x6e78</run_address>
         <size>0x8</size>
         <alignment>0x4</alignment>
         <input_file_ref idref="fl-11b"/>
      </object_component>
      <object_component id="oc-1a3">
         <name>.text._uninpchar</name>
         <load_address>0x6e80</load_address>
         <readonly>true</readonly>
         <executable>true</executable>
         <run_address>0x6e80</run_address>
         <size>0x8</size>
         <alignment>0x2</alignment>
         <input_file_ref idref="fl-34"/>
      </object_component>
      <object_component id="oc-1f5">
         <name>.text.OUTLINED_FUNCTION_3</name>
         <load_address>0x6e88</load_address>
         <readonly>true</readonly>
         <executable>true</executable>
         <run_address>0x6e88</run_address>
         <size>0x6</size>
         <alignment>0x2</alignment>
         <input_file_ref idref="fl-3e"/>
      </object_component>
      <object_component id="oc-12b">
         <name>.text:abort</name>
         <load_address>0x6e8e</load_address>
         <readonly>true</readonly>
         <executable>true</executable>
         <run_address>0x6e8e</run_address>
         <size>0x6</size>
         <alignment>0x2</alignment>
         <input_file_ref idref="fl-3f"/>
      </object_component>
      <object_component id="oc-1b8">
         <name>.text.HOSTexit</name>
         <load_address>0x6e94</load_address>
         <readonly>true</readonly>
         <executable>true</executable>
         <run_address>0x6e94</run_address>
         <size>0x4</size>
         <alignment>0x2</alignment>
         <input_file_ref idref="fl-f9"/>
      </object_component>
      <object_component id="oc-2f">
         <name>.text.Reset_Handler</name>
         <load_address>0x6e98</load_address>
         <readonly>true</readonly>
         <executable>true</executable>
         <run_address>0x6e98</run_address>
         <size>0x4</size>
         <alignment>0x2</alignment>
         <input_file_ref idref="fl-4"/>
      </object_component>
      <object_component id="oc-b4">
         <name>.text._system_pre_init</name>
         <load_address>0x6e9c</load_address>
         <readonly>true</readonly>
         <executable>true</executable>
         <run_address>0x6e9c</run_address>
         <size>0x4</size>
         <alignment>0x2</alignment>
         <input_file_ref idref="fl-39"/>
      </object_component>
      <object_component id="oc-2cb">
         <name>.cinit..data.load</name>
         <load_address>0x8980</load_address>
         <readonly>true</readonly>
         <run_address>0x8980</run_address>
         <size>0x1d</size>
         <alignment>0x1</alignment>
      </object_component>
      <object_component id="oc-2c9">
         <name>__TI_handler_table</name>
         <load_address>0x89a0</load_address>
         <readonly>true</readonly>
         <run_address>0x89a0</run_address>
         <size>0xc</size>
         <alignment>0x4</alignment>
      </object_component>
      <object_component id="oc-2cc">
         <name>.cinit..bss.load</name>
         <load_address>0x89ac</load_address>
         <readonly>true</readonly>
         <run_address>0x89ac</run_address>
         <size>0x8</size>
         <alignment>0x4</alignment>
      </object_component>
      <object_component id="oc-2ca">
         <name>__TI_cinit_table</name>
         <load_address>0x89b4</load_address>
         <readonly>true</readonly>
         <run_address>0x89b4</run_address>
         <size>0x10</size>
         <alignment>0x4</alignment>
      </object_component>
      <object_component id="oc-1ed">
         <name>.rodata.asc2_2412</name>
         <load_address>0x6ea0</load_address>
         <readonly>true</readonly>
         <run_address>0x6ea0</run_address>
         <size>0xd5c</size>
         <alignment>0x1</alignment>
         <input_file_ref idref="fl-c"/>
      </object_component>
      <object_component id="oc-1ee">
         <name>.rodata.asc2_1608</name>
         <load_address>0x7bfc</load_address>
         <readonly>true</readonly>
         <run_address>0x7bfc</run_address>
         <size>0x5f0</size>
         <alignment>0x1</alignment>
         <input_file_ref idref="fl-c"/>
      </object_component>
      <object_component id="oc-1ef">
         <name>.rodata.asc2_1206</name>
         <load_address>0x81ec</load_address>
         <readonly>true</readonly>
         <run_address>0x81ec</run_address>
         <size>0x474</size>
         <alignment>0x1</alignment>
         <input_file_ref idref="fl-c"/>
      </object_component>
      <object_component id="oc-1fa">
         <name>.rodata:__aeabi_ctype_table_</name>
         <load_address>0x8660</load_address>
         <readonly>true</readonly>
         <run_address>0x8660</run_address>
         <size>0x101</size>
         <alignment>0x10</alignment>
         <input_file_ref idref="fl-35"/>
      </object_component>
      <object_component id="oc-1fe">
         <name>.rodata._sproc_int.flit</name>
         <load_address>0x8761</load_address>
         <readonly>true</readonly>
         <run_address>0x8761</run_address>
         <size>0x7</size>
         <alignment>0x1</alignment>
         <input_file_ref idref="fl-3e"/>
      </object_component>
      <object_component id="oc-24b">
         <name>.rodata.digits</name>
         <load_address>0x8768</load_address>
         <readonly>true</readonly>
         <run_address>0x8768</run_address>
         <size>0x80</size>
         <alignment>0x8</alignment>
         <input_file_ref idref="fl-43"/>
      </object_component>
      <object_component id="oc-24c">
         <name>.rodata.powerof10</name>
         <load_address>0x87e8</load_address>
         <readonly>true</readonly>
         <run_address>0x87e8</run_address>
         <size>0x48</size>
         <alignment>0x8</alignment>
         <input_file_ref idref="fl-43"/>
      </object_component>
      <object_component id="oc-1d3">
         <name>.rodata.gMOTOR_PIDTimerConfig</name>
         <load_address>0x8830</load_address>
         <readonly>true</readonly>
         <run_address>0x8830</run_address>
         <size>0x14</size>
         <alignment>0x4</alignment>
         <input_file_ref idref="fl-3"/>
      </object_component>
      <object_component id="oc-1d5">
         <name>.rodata.ginterruptTimerConfig</name>
         <load_address>0x8844</load_address>
         <readonly>true</readonly>
         <run_address>0x8844</run_address>
         <size>0x14</size>
         <alignment>0x4</alignment>
         <input_file_ref idref="fl-3"/>
      </object_component>
      <object_component id="oc-19a">
         <name>.rodata.str1.14027004913061015941.1</name>
         <load_address>0x8858</load_address>
         <readonly>true</readonly>
         <run_address>0x8858</run_address>
         <size>0xf</size>
         <alignment>0x1</alignment>
         <input_file_ref idref="fl-1"/>
      </object_component>
      <object_component id="oc-196">
         <name>.rodata.str1.14309419334731064472.1</name>
         <load_address>0x8867</load_address>
         <readonly>true</readonly>
         <run_address>0x8867</run_address>
         <size>0xe</size>
         <alignment>0x1</alignment>
         <input_file_ref idref="fl-1"/>
      </object_component>
      <object_component id="oc-19c">
         <name>.rodata.str1.4013337493721399785.1</name>
         <load_address>0x8875</load_address>
         <readonly>true</readonly>
         <run_address>0x8875</run_address>
         <size>0xe</size>
         <alignment>0x1</alignment>
         <input_file_ref idref="fl-1"/>
      </object_component>
      <object_component id="oc-123">
         <name>.rodata.str1.9517790425240694019.1</name>
         <load_address>0x8883</load_address>
         <readonly>true</readonly>
         <run_address>0x8883</run_address>
         <size>0xe</size>
         <alignment>0x1</alignment>
         <input_file_ref idref="fl-2"/>
      </object_component>
      <object_component id="oc-195">
         <name>.rodata.str1.16862978624002868606.1</name>
         <load_address>0x8891</load_address>
         <readonly>true</readonly>
         <run_address>0x8891</run_address>
         <size>0xd</size>
         <alignment>0x1</alignment>
         <input_file_ref idref="fl-1"/>
      </object_component>
      <object_component id="oc-192">
         <name>.rodata.str1.5561535881391205844.1</name>
         <load_address>0x889e</load_address>
         <readonly>true</readonly>
         <run_address>0x889e</run_address>
         <size>0xd</size>
         <alignment>0x1</alignment>
         <input_file_ref idref="fl-1"/>
      </object_component>
      <object_component id="oc-187">
         <name>.rodata.str1.6070756845287141050.1</name>
         <load_address>0x88ab</load_address>
         <readonly>true</readonly>
         <run_address>0x88ab</run_address>
         <size>0xd</size>
         <alignment>0x1</alignment>
         <input_file_ref idref="fl-1"/>
      </object_component>
      <object_component id="oc-18d">
[...]
      </symbol>
      <symbol id="sm-20f">
         <name>OLED_Clear</name>
         <value>0x2291</value>
         <object_component_ref idref="oc-17d"/>
      </symbol>
      <symbol id="sm-210">
         <name>asc2_1206</name>
         <value>0x81ec</value>
         <object_component_ref idref="oc-1ef"/>
      </symbol>
      <symbol id="sm-211">
         <name>asc2_1608</name>
         <value>0x7bfc</value>
         <object_component_ref idref="oc-1ee"/>
      </symbol>
      <symbol id="sm-212">
         <name>asc2_2412</name>
         <value>0x6ea0</value>
         <object_component_ref idref="oc-1ed"/>
      </symbol>
      <symbol id="sm-213">
         <name>OLED_ShowString</name>
         <value>0x42f9</value>
         <object_component_ref idref="oc-17e"/>
      </symbol>
      <symbol id="sm-214">
         <name>OLED_ShowNum</name>
         <value>0x2d21</value>
         <object_component_ref idref="oc-17f"/>
      </symbol>
      <symbol id="sm-215">
         <name>OLED_Init</name>
         <value>0xc1</value>
         <object_component_ref idref="oc-16d"/>
      </symbol>
      <symbol id="sm-216">
         <name>__TI_ATRegion0_src_addr</name>
         <value>0x0</value>
      </symbol>
      <symbol id="sm-217">
         <name>__TI_ATRegion0_trg_addr</name>
         <value>0x0</value>
      </symbol>
      <symbol id="sm-218">
         <name>__TI_ATRegion0_region_sz</name>
         <value>0x0</value>
      </symbol>
      <symbol id="sm-219">
         <name>__TI_ATRegion1_src_addr</name>
         <value>0x0</value>
      </symbol>
      <symbol id="sm-21a">
         <name>__TI_ATRegion1_trg_addr</name>
         <value>0x0</value>
      </symbol>
      <symbol id="sm-21b">
         <name>__TI_ATRegion1_region_sz</name>
         <value>0x0</value>
      </symbol>
      <symbol id="sm-21c">
         <name>__TI_ATRegion2_src_addr</name>
         <value>0x0</value>
      </symbol>
      <symbol id="sm-21d">
         <name>__TI_ATRegion2_trg_addr</name>
         <value>0x0</value>
      </symbol>
      <symbol id="sm-21e">
         <name>__TI_ATRegion2_region_sz</name>
         <value>0x0</value>
      </symbol>
      <symbol id="sm-227">
         <name>DL_Common_delayCycles</name>
         <value>0x6e2d</value>
         <object_component_ref idref="oc-15e"/>
      </symbol>
      <symbol id="sm-233">
         <name>DL_I2C_setClockConfig</name>
         <value>0x6bfd</value>
         <object_component_ref idref="oc-1d6"/>
      </symbol>
      <symbol id="sm-234">
         <name>DL_I2C_fillControllerTXFIFO</name>
         <value>0x65f1</value>
         <object_component_ref idref="oc-1e9"/>
      </symbol>
      <symbol id="sm-250">
         <name>DL_Timer_setClockConfig</name>
         <value>0x6cc5</value>
         <object_component_ref idref="oc-1c9"/>
      </symbol>
      <symbol id="sm-251">
         <name>DL_Timer_initTimerMode</name>
         <value>0x56f1</value>
         <object_component_ref idref="oc-1d1"/>
      </symbol>
      <symbol id="sm-252">
         <name>DL_Timer_setCaptureCompareValue</name>
         <value>0x6d85</value>
         <object_component_ref idref="oc-95"/>
      </symbol>
      <symbol id="sm-253">
         <name>DL_Timer_setCaptCompUpdateMethod</name>
         <value>0x6ca9</value>
         <object_component_ref idref="oc-1cc"/>
      </symbol>
      <symbol id="sm-254">
         <name>DL_Timer_setCaptureCompareOutCtl</name>
         <value>0x6cfd</value>
         <object_component_ref idref="oc-1cb"/>
      </symbol>
      <symbol id="sm-255">
         <name>DL_Timer_initFourCCPWMMode</name>
         <value>0x55ed</value>
         <object_component_ref idref="oc-1ca"/>
      </symbol>
      <symbol id="sm-262">
         <name>DL_UART_init</name>
         <value>0x66f1</value>
         <object_component_ref idref="oc-1e3"/>
      </symbol>
      <symbol id="sm-263">
         <name>DL_UART_setClockConfig</name>
         <value>0x6d51</value>
         <object_component_ref idref="oc-1dd"/>
      </symbol>
      <symbol id="sm-278">
         <name>sscanf</name>
         <value>0x6b55</value>
         <object_component_ref idref="oc-107"/>
      </symbol>
      <symbol id="sm-279">
         <name>__aeabi_ctype_table_</name>
         <value>0x8660</value>
         <object_component_ref idref="oc-1fa"/>
      </symbol>
      <symbol id="sm-27a">
         <name>__aeabi_ctype_table_C</name>
         <value>0x8660</value>
         <object_component_ref idref="oc-1fa"/>
      </symbol>
      <symbol id="sm-285">
         <name>_c_int00_noargs</name>
         <value>0x6bd5</value>
         <object_component_ref idref="oc-61"/>
      </symbol>
      <symbol id="sm-286">
         <name>__stack</name>
         <value>0x20207e00</value>
         <object_component_ref idref="oc-1a"/>
      </symbol>
      <symbol id="sm-292">
         <name>__TI_auto_init_nobinit_nopinit</name>
         <value>0x6969</value>
         <object_component_ref idref="oc-132"/>
      </symbol>
      <symbol id="sm-29a">
         <name>_system_pre_init</name>
         <value>0x6e9d</value>
         <object_component_ref idref="oc-b4"/>
      </symbol>
      <symbol id="sm-2a5">
         <name>__TI_zero_init</name>
         <value>0x6db5</value>
         <object_component_ref idref="oc-5e"/>
      </symbol>
      <symbol id="sm-2ae">
         <name>__TI_decompress_none</name>
         <value>0x6d63</value>
         <object_component_ref idref="oc-20"/>
      </symbol>
      <symbol id="sm-2b9">
         <name>__TI_decompress_lzss</name>
         <value>0x61b1</value>
         <object_component_ref idref="oc-1c"/>
      </symbol>
      <symbol id="sm-2e0">
         <name>__TI_scanfi</name>
         <value>0x16b5</value>
         <object_component_ref idref="oc-19d"/>
      </symbol>
      <symbol id="sm-2ea">
         <name>abort</name>
         <value>0x6e8f</value>
         <object_component_ref idref="oc-12b"/>
      </symbol>
      <symbol id="sm-2f6">
         <name>atoi</name>
         <value>0x6839</value>
         <object_component_ref idref="oc-1f6"/>
      </symbol>
      <symbol id="sm-30b">
         <name>strtod</name>
         <value>0x3635</value>
         <object_component_ref idref="oc-200"/>
      </symbol>
      <symbol id="sm-30c">
         <name>strtold</name>
         <value>0x3635</value>
         <object_component_ref idref="oc-200"/>
      </symbol>
      <symbol id="sm-317">
         <name>strtol</name>
         <value>0x5029</value>
         <object_component_ref idref="oc-20b"/>
      </symbol>
      <symbol id="sm-322">
         <name>strtoll</name>
         <value>0x4999</value>
         <object_component_ref idref="oc-213"/>
      </symbol>
      <symbol id="sm-32d">
         <name>strtoul</name>
         <value>0x516d</value>
         <object_component_ref idref="oc-207"/>
      </symbol>
      <symbol id="sm-338">
         <name>strtoull</name>
         <value>0x4ebd</value>
         <object_component_ref idref="oc-20f"/>
      </symbol>
      <symbol id="sm-342">
         <name>scalbn</name>
         <value>0x59b9</value>
         <object_component_ref idref="oc-243"/>
      </symbol>
      <symbol id="sm-343">
         <name>ldexp</name>
         <value>0x59b9</value>
         <object_component_ref idref="oc-243"/>
      </symbol>
      <symbol id="sm-344">
         <name>scalbnl</name>
         <value>0x59b9</value>
         <object_component_ref idref="oc-243"/>
      </symbol>
      <symbol id="sm-345">
         <name>ldexpl</name>
         <value>0x59b9</value>
         <object_component_ref idref="oc-243"/>
      </symbol>
      <symbol id="sm-350">
         <name>__aeabi_errno_addr</name>
         <value>0x6e71</value>
         <object_component_ref idref="oc-23e"/>
      </symbol>
      <symbol id="sm-351">
         <name>__aeabi_errno</name>
         <value>0x20200700</value>
         <object_component_ref idref="oc-273"/>
      </symbol>
      <symbol id="sm-369">
         <name>HOSTexit</name>
         <value>0x6e95</value>
         <object_component_ref idref="oc-1b8"/>
      </symbol>
      <symbol id="sm-36a">
         <name>C$$EXIT</name>
         <value>0x6e94</value>
         <object_component_ref idref="oc-1b8"/>
      </symbol>
      <symbol id="sm-37f">
         <name>__aeabi_fadd</name>
         <value>0x5a9b</value>
         <object_component_ref idref="oc-89"/>
      </symbol>
      <symbol id="sm-380">
         <name>__addsf3</name>
         <value>0x5a9b</value>
         <object_component_ref idref="oc-89"/>
      </symbol>
      <symbol id="sm-381">
         <name>__aeabi_fsub</name>
         <value>0x5a91</value>
         <object_component_ref idref="oc-89"/>
      </symbol>
      <symbol id="sm-382">
         <name>__subsf3</name>
         <value>0x5a91</value>
         <object_component_ref idref="oc-89"/>
      </symbol>
      <symbol id="sm-388">
         <name>__aeabi_dadd</name>
         <value>0x4d33</value>
         <object_component_ref idref="oc-236"/>
      </symbol>
      <symbol id="sm-389">
         <name>__adddf3</name>
         <value>0x4d33</value>
         <object_component_ref idref="oc-236"/>
      </symbol>
      <symbol id="sm-38a">
         <name>__aeabi_dsub</name>
         <value>0x4d29</value>
         <object_component_ref idref="oc-236"/>
      </symbol>
      <symbol id="sm-38b">
         <name>__subdf3</name>
         <value>0x4d29</value>
         <object_component_ref idref="oc-236"/>
      </symbol>
      <symbol id="sm-391">
         <name>__aeabi_dmul</name>
         <value>0x58d5</value>
         <object_component_ref idref="oc-81"/>
      </symbol>
      <symbol id="sm-392">
         <name>__muldf3</name>
         <value>0x58d5</value>
         <object_component_ref idref="oc-81"/>
      </symbol>
      <symbol id="sm-398">
         <name>__muldsi3</name>
         <value>0x69e1</value>
         <object_component_ref idref="oc-ce"/>
      </symbol>
      <symbol id="sm-39e">
         <name>__aeabi_fmul</name>
         <value>0x5fa5</value>
         <object_component_ref idref="oc-8d"/>
      </symbol>
      <symbol id="sm-39f">
         <name>__mulsf3</name>
         <value>0x5fa5</value>
         <object_component_ref idref="oc-8d"/>
      </symbol>
      <symbol id="sm-3a5">
         <name>__aeabi_fdiv</name>
         <value>0x6031</value>
         <object_component_ref idref="oc-79"/>
      </symbol>
      <symbol id="sm-3a6">
         <name>__divsf3</name>
         <value>0x6031</value>
         <object_component_ref idref="oc-79"/>
      </symbol>
      <symbol id="sm-3ac">
         <name>__aeabi_ddiv</name>
         <value>0x54e1</value>
         <object_component_ref idref="oc-247"/>
      </symbol>
      <symbol id="sm-3ad">
         <name>__divdf3</name>
         <value>0x54e1</value>
         <object_component_ref idref="oc-247"/>
      </symbol>
      <symbol id="sm-3b3">
         <name>__aeabi_f2d</name>
         <value>0x67f9</value>
         <object_component_ref idref="oc-7d"/>
      </symbol>
      <symbol id="sm-3b4">
         <name>__extendsfdf2</name>
         <value>0x67f9</value>
         <object_component_ref idref="oc-7d"/>
      </symbol>
      <symbol id="sm-3ba">
         <name>__aeabi_f2iz</name>
         <value>0x6a55</value>
         <object_component_ref idref="oc-91"/>
      </symbol>
      <symbol id="sm-3bb">
         <name>__fixsfsi</name>
         <value>0x6a55</value>
         <object_component_ref idref="oc-91"/>
      </symbol>
      <symbol id="sm-3c1">
         <name>__aeabi_i2f</name>
         <value>0x68f1</value>
         <object_component_ref idref="oc-11c"/>
      </symbol>
      <symbol id="sm-3c2">
         <name>__floatsisf</name>
         <value>0x68f1</value>
         <object_component_ref idref="oc-11c"/>
      </symbol>
      <symbol id="sm-3c8">
         <name>__aeabi_ui2f</name>
         <value>0x6b85</value>
         <object_component_ref idref="oc-75"/>
      </symbol>
      <symbol id="sm-3c9">
         <name>__floatunsisf</name>
         <value>0x6b85</value>
         <object_component_ref idref="oc-75"/>
      </symbol>
      <symbol id="sm-3cf">
         <name>__aeabi_lmul</name>
         <value>0x6c25</value>
         <object_component_ref idref="oc-257"/>
      </symbol>
      <symbol id="sm-3d0">
         <name>__muldi3</name>
         <value>0x6c25</value>
         <object_component_ref idref="oc-257"/>
      </symbol>
      <symbol id="sm-3d7">
         <name>__aeabi_d2f</name>
         <value>0x62a1</value>
         <object_component_ref idref="oc-85"/>
      </symbol>
      <symbol id="sm-3d8">
         <name>__truncdfsf2</name>
         <value>0x62a1</value>
         <object_component_ref idref="oc-85"/>
      </symbol>
      <symbol id="sm-3de">
         <name>__aeabi_dcmpeq</name>
         <value>0x64c9</value>
         <object_component_ref idref="oc-23a"/>
      </symbol>
      <symbol id="sm-3df">
         <name>__aeabi_dcmplt</name>
         <value>0x64dd</value>
         <object_component_ref idref="oc-23a"/>
      </symbol>
      <symbol id="sm-3e0">
         <name>__aeabi_dcmple</name>
         <value>0x64f1</value>
         <object_component_ref idref="oc-23a"/>
      </symbol>
      <symbol id="sm-3e1">
         <name>__aeabi_dcmpge</name>
         <value>0x6505</value>
         <object_component_ref idref="oc-23a"/>
      </symbol>
      <symbol id="sm-3e2">
         <name>__aeabi_dcmpgt</name>
         <value>0x6519</value>
         <object_component_ref idref="oc-23a"/>
      </symbol>
      <symbol id="sm-3eb">
         <name>__aeabi_fcmpeq</name>
         <value>0x652d</value>
         <object_component_ref idref="oc-113"/>
      </symbol>
      <symbol id="sm-3ec">
         <name>__aeabi_fcmplt</name>
         <value>0x6541</value>
         <object_component_ref idref="oc-113"/>
      </symbol>
      <symbol id="sm-3ed">
         <name>__aeabi_fcmple</name>
         <value>0x6555</value>
         <object_component_ref idref="oc-113"/>
      </symbol>
      <symbol id="sm-3ee">
         <name>__aeabi_fcmpge</name>
         <value>0x6569</value>
         <object_component_ref idref="oc-113"/>
      </symbol>
      <symbol id="sm-3ef">
         <name>__aeabi_fcmpgt</name>
         <value>0x657d</value>
         <object_component_ref idref="oc-113"/>
      </symbol>
      <symbol id="sm-3f5">
         <name>__aeabi_memcpy</name>
         <value>0x6e79</value>
         <object_component_ref idref="oc-51"/>
      </symbol>
      <symbol id="sm-3f6">
         <name>__aeabi_memcpy4</name>
         <value>0x6e79</value>
         <object_component_ref idref="oc-51"/>
      </symbol>
      <symbol id="sm-3f7">
         <name>__aeabi_memcpy8</name>
         <value>0x6e79</value>
         <object_component_ref idref="oc-51"/>
      </symbol>
      <symbol id="sm-3fe">
         <name>__aeabi_memclr</name>
         <value>0x6e21</value>
         <object_component_ref idref="oc-af"/>
      </symbol>
      <symbol id="sm-3ff">
         <name>__aeabi_memclr4</name>
         <value>0x6e21</value>
         <object_component_ref idref="oc-af"/>
      </symbol>
      <symbol id="sm-400">
         <name>__aeabi_memclr8</name>
         <value>0x6e21</value>
         <object_component_ref idref="oc-af"/>
      </symbol>
      <symbol id="sm-406">
         <name>__aeabi_uidiv</name>
         <value>0x67b9</value>
         <object_component_ref idref="oc-1f0"/>
      </symbol>
      <symbol id="sm-407">
         <name>__aeabi_uidivmod</name>
         <value>0x67b9</value>
         <object_component_ref idref="oc-1f0"/>
      </symbol>
      <symbol id="sm-40d">
         <name>__aeabi_uldivmod</name>
         <value>0x6d29</value>
         <object_component_ref idref="oc-25b"/>
      </symbol>
      <symbol id="sm-416">
         <name>__eqsf2</name>
         <value>0x69a5</value>
         <object_component_ref idref="oc-1aa"/>
      </symbol>
      <symbol id="sm-417">
         <name>__lesf2</name>
         <value>0x69a5</value>
         <object_component_ref idref="oc-1aa"/>
      </symbol>
      <symbol id="sm-418">
         <name>__ltsf2</name>
         <value>0x69a5</value>
         <object_component_ref idref="oc-1aa"/>
      </symbol>
      <symbol id="sm-419">
         <name>__nesf2</name>
         <value>0x69a5</value>
         <object_component_ref idref="oc-1aa"/>
      </symbol>
      <symbol id="sm-41a">
         <name>__cmpsf2</name>
         <value>0x69a5</value>
         <object_component_ref idref="oc-1aa"/>
      </symbol>
      <symbol id="sm-41b">
         <name>__gtsf2</name>
         <value>0x692d</value>
         <object_component_ref idref="oc-1af"/>
      </symbol>
      <symbol id="sm-41c">
         <name>__gesf2</name>
         <value>0x692d</value>
         <object_component_ref idref="oc-1af"/>
      </symbol>
      <symbol id="sm-422">
         <name>__udivmoddi4</name>
         <value>0x5c25</value>
         <object_component_ref idref="oc-27c"/>
      </symbol>
      <symbol id="sm-428">
         <name>__aeabi_llsl</name>
         <value>0x6c6d</value>
         <object_component_ref idref="oc-284"/>
      </symbol>
      <symbol id="sm-429">
         <name>__ashldi3</name>
         <value>0x6c6d</value>
         <object_component_ref idref="oc-284"/>
      </symbol>
      <symbol id="sm-437">
         <name>__ledf2</name>
         <value>0x63f9</value>
         <object_component_ref idref="oc-26b"/>
      </symbol>
      <symbol id="sm-438">
         <name>__gedf2</name>
         <value>0x622d</value>
         <object_component_ref idref="oc-271"/>
      </symbol>
      <symbol id="sm-439">
         <name>__cmpdf2</name>
         <value>0x63f9</value>
         <object_component_ref idref="oc-26b"/>
      </symbol>
      <symbol id="sm-43a">
         <name>__eqdf2</name>
         <value>0x63f9</value>
         <object_component_ref idref="oc-26b"/>
      </symbol>
      <symbol id="sm-43b">
         <name>__ltdf2</name>
         <value>0x63f9</value>
         <object_component_ref idref="oc-26b"/>
      </symbol>
      <symbol id="sm-43c">
         <name>__nedf2</name>
         <value>0x63f9</value>
         <object_component_ref idref="oc-26b"/>
      </symbol>
      <symbol id="sm-43d">
         <name>__gtdf2</name>
         <value>0x622d</value>
         <object_component_ref idref="oc-271"/>
      </symbol>
      <symbol id="sm-449">
         <name>__aeabi_idiv0</name>
         <value>0x60b3</value>
         <object_component_ref idref="oc-229"/>
      </symbol>
      <symbol id="sm-44a">
         <name>__aeabi_ldiv0</name>
         <value>0x652b</value>
         <object_component_ref idref="oc-283"/>
      </symbol>
      <symbol id="sm-464">
         <name>memcpy</name>
         <value>0x5cc7</value>
         <object_component_ref idref="oc-de"/>
      </symbol>
      <symbol id="sm-473">
         <name>memset</name>
         <value>0x658f</value>
         <object_component_ref idref="oc-14b"/>
      </symbol>
      <symbol id="sm-474">
         <name>__TI_static_base__</name>
         <value>0x0</value>
      </symbol>
      <symbol id="sm-478">
         <name>__mpu_init</name>
         <value>0x0</value>
      </symbol>
      <symbol id="sm-479">
         <name>_system_post_cinit</name>
         <value>0x0</value>
      </symbol>
   </symbol_table>
   <title>Link successful</title>
</link_info>
